[     995ms] [LOG] %c
▲

__  __                                     _            __
\ \/ /___  __  __   _________ _____       (_)_  _______/ /_
 \  / __ \/ / / /  / ___/ __ `/ __ \     / / / / / ___/ __/
 / / /_/ / /_/ /  / /__/ /_/ / / / /    / / /_/ (__  ) /_
/_/\____/\__,_/   \___/\__,_/_/ /_/  __/ /\__,_/____/\__/
         __    _          __  __    /___/
   _____/ /_  (_)___     / /_/ /_  (_)___  ____ ______
  / ___/ __ \/ / __ \   / __/ __ \/ / __ \/ __ `/ ___/
 (__  ) / / / / /_/ /  / /_/ / / / / / / / /_/ (__  )
/____/_/ /_/_/ .___/   \__/_/ /_/_/_/ /_/\__, /____/
            /_/                         /____/
  

Hello!

- Open Source https://vercel.com/oss
- Careers https://vercel.com/careers
- Status https://www.vercel-status.com

 font-family: "Geist Mono", monospace; white-space: pre; line-height: 1; @ https://vercel.com/_next/static/immutable/chunks/09bognj3n0dzk.js:78
[   14001ms] [WARNING] Deprecated API for given entry type. @ https://vercel.com/_next/static/immutable/chunks/3vuaw0m6zroe4.js:18
[   16361ms] [ERROR] Failed to load resource: net::ERR_NAME_NOT_RESOLVED @ https://m.stripe.com/6:0
[   19373ms] [WARNING] The resource https://vercel.com/_next/static/immutable/chunks/1zikulwq04u34.css was preloaded using link preload but not used within a few seconds from the window's load event. Please make sure it has an appropriate `as` value and it is preloaded intentionally. @ https://vercel.com/pesmetal/pesmetal-site/settings/git:0
[   19373ms] [WARNING] The resource https://vercel.com/_next/static/immutable/chunks/3t_-x9195y9o-.css was preloaded using link preload but not used within a few seconds from the window's load event. Please make sure it has an appropriate `as` value and it is preloaded intentionally. @ https://vercel.com/pesmetal/pesmetal-site/settings/git:0
[   19374ms] [WARNING] The resource https://vercel.com/_next/static/immutable/chunks/373505qw2m2ws.css was preloaded using link preload but not used within a few seconds from the window's load event. Please make sure it has an appropriate `as` value and it is preloaded intentionally. @ https://vercel.com/pesmetal/pesmetal-site/settings/git:0
[   19375ms] [WARNING] The resource https://vercel.com/_next/static/immutable/chunks/2jaw-bje_lms9.css was preloaded using link preload but not used within a few seconds from the window's load event. Please make sure it has an appropriate `as` value and it is preloaded intentionally. @ https://vercel.com/pesmetal/pesmetal-site/settings/git:0
[   19375ms] [WARNING] The resource https://vercel.com/_next/static/immutable/chunks/3_5c1xwltru6n.css was preloaded using link preload but not used within a few seconds from the window's load event. Please make sure it has an appropriate `as` value and it is preloaded intentionally. @ https://vercel.com/pesmetal/pesmetal-site/settings/git:0
[   19375ms] [WARNING] The resource https://vercel.com/_next/static/immutable/chunks/0ufugx6-98l3p.css was preloaded using link preload but not used within a few seconds from the window's load event. Please make sure it has an appropriate `as` value and it is preloaded intentionally. @ https://vercel.com/pesmetal/pesmetal-site/settings/git:0
[   19376ms] [WARNING] The resource https://vercel.com/_next/static/immutable/chunks/09laauv2h79wx.css was preloaded using link preload but not used within a few seconds from the window's load event. Please make sure it has an appropriate `as` value and it is preloaded intentionally. @ https://vercel.com/pesmetal/pesmetal-site/settings/git:0
[   19376ms] [WARNING] The resource https://vercel.com/_next/static/immutable/chunks/1z21djs4iuad9.css was preloaded using link preload but not used within a few seconds from the window's load event. Please make sure it has an appropriate `as` value and it is preloaded intentionally. @ https://vercel.com/pesmetal/pesmetal-site/settings/git:0
[   19376ms] [WARNING] The resource https://vercel.com/_next/static/immutable/chunks/0alwwayyf2lhy.css was preloaded using link preload but not used within a few seconds from the window's load event. Please make sure it has an appropriate `as` value and it is preloaded intentionally. @ https://vercel.com/pesmetal/pesmetal-site/settings/git:0
[   19376ms] [WARNING] The resource https://vercel.com/_next/static/immutable/chunks/3l6n9tbuviet-.css was preloaded using link preload but not used within a few seconds from the window's load event. Please make sure it has an appropriate `as` value and it is preloaded intentionally. @ https://vercel.com/pesmetal/pesmetal-site/settings/git:0
[   19377ms] [WARNING] The resource https://vercel.com/_next/static/immutable/chunks/1x2uy0wpqp7ps.css was preloaded using link preload but not used within a few seconds from the window's load event. Please make sure it has an appropriate `as` value and it is preloaded intentionally. @ https://vercel.com/pesmetal/pesmetal-site/settings/git:0
[   19377ms] [WARNING] The resource https://vercel.com/_next/static/immutable/chunks/0kz5-i0nrwrgh.css was preloaded using link preload but not used within a few seconds from the window's load event. Please make sure it has an appropriate `as` value and it is preloaded intentionally. @ https://vercel.com/pesmetal/pesmetal-site/settings/git:0
[   19377ms] [WARNING] The resource https://vercel.com/_next/static/immutable/chunks/3flhcz7cw314y.css was preloaded using link preload but not used within a few seconds from the window's load event. Please make sure it has an appropriate `as` value and it is preloaded intentionally. @ https://vercel.com/pesmetal/pesmetal-site/settings/git:0
[   19378ms] [WARNING] The resource https://vercel.com/_next/static/immutable/chunks/0jv_0220ql0rg.css was preloaded using link preload but not used within a few seconds from the window's load event. Please make sure it has an appropriate `as` value and it is preloaded intentionally. @ https://vercel.com/pesmetal/pesmetal-site/settings/git:0
[   19378ms] [WARNING] The resource https://vercel.com/_next/static/immutable/chunks/1whytfkykm9_7.css was preloaded using link preload but not used within a few seconds from the window's load event. Please make sure it has an appropriate `as` value and it is preloaded intentionally. @ https://vercel.com/pesmetal/pesmetal-site/settings/git:0
[   19378ms] [WARNING] The resource https://vercel.com/_next/static/immutable/chunks/2auu4bhcsy3ul.css was preloaded using link preload but not used within a few seconds from the window's load event. Please make sure it has an appropriate `as` value and it is preloaded intentionally. @ https://vercel.com/pesmetal/pesmetal-site/settings/git:0
[   23397ms] [WARNING] The resource https://vercel.com/_next/static/immutable/chunks/1zikulwq04u34.css was preloaded using link preload but not used within a few seconds from the window's load event. Please make sure it has an appropriate `as` value and it is preloaded intentionally. @ https://vercel.com/pesmetal/pesmetal-site/settings/git:0
[   23397ms] [WARNING] The resource https://vercel.com/_next/static/immutable/chunks/3t_-x9195y9o-.css was preloaded using link preload but not used within a few seconds from the window's load event. Please make sure it has an appropriate `as` value and it is preloaded intentionally. @ https://vercel.com/pesmetal/pesmetal-site/settings/git:0
[   23398ms] [WARNING] The resource https://vercel.com/_next/static/immutable/chunks/373505qw2m2ws.css was preloaded using link preload but not used within a few seconds from the window's load event. Please make sure it has an appropriate `as` value and it is preloaded intentionally. @ https://vercel.com/pesmetal/pesmetal-site/settings/git:0
[   23398ms] [WARNING] The resource https://vercel.com/_next/static/immutable/chunks/2jaw-bje_lms9.css was preloaded using link preload but not used within a few seconds from the window's load event. Please make sure it has an appropriate `as` value and it is preloaded intentionally. @ https://vercel.com/pesmetal/pesmetal-site/settings/git:0
[   23398ms] [WARNING] The resource https://vercel.com/_next/static/immutable/chunks/3_5c1xwltru6n.css was preloaded using link preload but not used within a few seconds from the window's load event. Please make sure it has an appropriate `as` value and it is preloaded intentionally. @ https://vercel.com/pesmetal/pesmetal-site/settings/git:0
[   23398ms] [WARNING] The resource https://vercel.com/_next/static/immutable/chunks/0ufugx6-98l3p.css was preloaded using link preload but not used within a few seconds from the window's load event. Please make sure it has an appropriate `as` value and it is preloaded intentionally. @ https://vercel.com/pesmetal/pesmetal-site/settings/git:0
[   23399ms] [WARNING] The resource https://vercel.com/_next/static/immutable/chunks/09laauv2h79wx.css was preloaded using link preload but not used within a few seconds from the window's load event. Please make sure it has an appropriate `as` value and it is preloaded intentionally. @ https://vercel.com/pesmetal/pesmetal-site/settings/git:0
[   23399ms] [WARNING] The resource https://vercel.com/_next/static/immutable/chunks/1z21djs4iuad9.css was preloaded using link preload but not used within a few seconds from the window's load event. Please make sure it has an appropriate `as` value and it is preloaded intentionally. @ https://vercel.com/pesmetal/pesmetal-site/settings/git:0
[   23399ms] [WARNING] The resource https://vercel.com/_next/static/immutable/chunks/0alwwayyf2lhy.css was preloaded using link preload but not used within a few seconds from the window's load event. Please make sure it has an appropriate `as` value and it is preloaded intentionally. @ https://vercel.com/pesmetal/pesmetal-site/settings/git:0
[   23399ms] [WARNING] The resource https://vercel.com/_next/static/immutable/chunks/3l6n9tbuviet-.css was preloaded using link preload but not used within a few seconds from the window's load event. Please make sure it has an appropriate `as` value and it is preloaded intentionally. @ https://vercel.com/pesmetal/pesmetal-site/settings/git:0
[   23400ms] [WARNING] The resource https://vercel.com/_next/static/immutable/chunks/1x2uy0wpqp7ps.css was preloaded using link preload but not used within a few seconds from the window's load event. Please make sure it has an appropriate `as` value and it is preloaded intentionally. @ https://vercel.com/pesmetal/pesmetal-site/settings/git:0
[   23400ms] [WARNING] The resource https://vercel.com/_next/static/immutable/chunks/0kz5-i0nrwrgh.css was preloaded using link preload but not used within a few seconds from the window's load event. Please make sure it has an appropriate `as` value and it is preloaded intentionally. @ https://vercel.com/pesmetal/pesmetal-site/settings/git:0
[   23400ms] [WARNING] The resource https://vercel.com/_next/static/immutable/chunks/3flhcz7cw314y.css was preloaded using link preload but not used within a few seconds from the window's load event. Please make sure it has an appropriate `as` value and it is preloaded intentionally. @ https://vercel.com/pesmetal/pesmetal-site/settings/git:0
[   23400ms] [WARNING] The resource https://vercel.com/_next/static/immutable/chunks/0jv_0220ql0rg.css was preloaded using link preload but not used within a few seconds from the window's load event. Please make sure it has an appropriate `as` value and it is preloaded intentionally. @ https://vercel.com/pesmetal/pesmetal-site/settings/git:0
[   23400ms] [WARNING] The resource https://vercel.com/_next/static/immutable/chunks/1whytfkykm9_7.css was preloaded using link preload but not used within a few seconds from the window's load event. Please make sure it has an appropriate `as` value and it is preloaded intentionally. @ https://vercel.com/pesmetal/pesmetal-site/settings/git:0
[   23400ms] [WARNING] The resource https://vercel.com/_next/static/immutable/chunks/2auu4bhcsy3ul.css was preloaded using link preload but not used within a few seconds from the window's load event. Please make sure it has an appropriate `as` value and it is preloaded intentionally. @ https://vercel.com/pesmetal/pesmetal-site/settings/git:0
[   33895ms] [WARNING] The resource https://vercel.com/_next/static/immutable/chunks/1zikulwq04u34.css was preloaded using link preload but not used within a few seconds from the window's load event. Please make sure it has an appropriate `as` value and it is preloaded intentionally. @ https://vercel.com/pesmetal/pesmetal-site/settings/git:0
[   33896ms] [WARNING] The resource https://vercel.com/_next/static/immutable/chunks/3t_-x9195y9o-.css was preloaded using link preload but not used within a few seconds from the window's load event. Please make sure it has an appropriate `as` value and it is preloaded intentionally. @ https://vercel.com/pesmetal/pesmetal-site/settings/git:0
[   33896ms] [WARNING] The resource https://vercel.com/_next/static/immutable/chunks/373505qw2m2ws.css was preloaded using link preload but not used within a few seconds from the window's load event. Please make sure it has an appropriate `as` value and it is preloaded intentionally. @ https://vercel.com/pesmetal/pesmetal-site/settings/git:0
[   33896ms] [WARNING] The resource https://vercel.com/_next/static/immutable/chunks/2jaw-bje_lms9.css was preloaded using link preload but not used within a few seconds from the window's load event. Please make sure it has an appropriate `as` value and it is preloaded intentionally. @ https://vercel.com/pesmetal/pesmetal-site/settings/git:0
[   33896ms] [WARNING] The resource https://vercel.com/_next/static/immutable/chunks/3_5c1xwltru6n.css was preloaded using link preload but not used within a few seconds from the window's load event. Please make sure it has an appropriate `as` value and it is preloaded intentionally. @ https://vercel.com/pesmetal/pesmetal-site/settings/git:0
[   33897ms] [WARNING] The resource https://vercel.com/_next/static/immutable/chunks/0ufugx6-98l3p.css was preloaded using link preload but not used within a few seconds from the window's load event. Please make sure it has an appropriate `as` value and it is preloaded intentionally. @ https://vercel.com/pesmetal/pesmetal-site/settings/git:0
[   33897ms] [WARNING] The resource https://vercel.com/_next/static/immutable/chunks/09laauv2h79wx.css was preloaded using link preload but not used within a few seconds from the window's load event. Please make sure it has an appropriate `as` value and it is preloaded intentionally. @ https://vercel.com/pesmetal/pesmetal-site/settings/git:0
[   33897ms] [WARNING] The resource https://vercel.com/_next/static/immutable/chunks/1z21djs4iuad9.css was preloaded using link preload but not used within a few seconds from the window's load event. Please make sure it has an appropriate `as` value and it is preloaded intentionally. @ https://vercel.com/pesmetal/pesmetal-site/settings/git:0
[   33897ms] [WARNING] The resource https://vercel.com/_next/static/immutable/chunks/0alwwayyf2lhy.css was preloaded using link preload but not used within a few seconds from the window's load event. Please make sure it has an appropriate `as` value and it is preloaded intentionally. @ https://vercel.com/pesmetal/pesmetal-site/settings/git:0
[   33897ms] [WARNING] The resource https://vercel.com/_next/static/immutable/chunks/3l6n9tbuviet-.css was preloaded using link preload but not used within a few seconds from the window's load event. Please make sure it has an appropriate `as` value and it is preloaded intentionally. @ https://vercel.com/pesmetal/pesmetal-site/settings/git:0
[   33897ms] [WARNING] The resource https://vercel.com/_next/static/immutable/chunks/1x2uy0wpqp7ps.css was preloaded using link preload but not used within a few seconds from the window's load event. Please make sure it has an appropriate `as` value and it is preloaded intentionally. @ https://vercel.com/pesmetal/pesmetal-site/settings/git:0
[   33898ms] [WARNING] The resource https://vercel.com/_next/static/immutable/chunks/0kz5-i0nrwrgh.css was preloaded using link preload but not used within a few seconds from the window's load event. Please make sure it has an appropriate `as` value and it is preloaded intentionally. @ https://vercel.com/pesmetal/pesmetal-site/settings/git:0
[   33898ms] [WARNING] The resource https://vercel.com/_next/static/immutable/chunks/3flhcz7cw314y.css was preloaded using link preload but not used within a few seconds from the window's load event. Please make sure it has an appropriate `as` value and it is preloaded intentionally. @ https://vercel.com/pesmetal/pesmetal-site/settings/git:0
[   33898ms] [WARNING] The resource https://vercel.com/_next/static/immutable/chunks/0jv_0220ql0rg.css was preloaded using link preload but not used within a few seconds from the window's load event. Please make sure it has an appropriate `as` value and it is preloaded intentionally. @ https://vercel.com/pesmetal/pesmetal-site/settings/git:0
[   33898ms] [WARNING] The resource https://vercel.com/_next/static/immutable/chunks/1whytfkykm9_7.css was preloaded using link preload but not used within a few seconds from the window's load event. Please make sure it has an appropriate `as` value and it is preloaded intentionally. @ https://vercel.com/pesmetal/pesmetal-site/settings/git:0
[   33899ms] [WARNING] The resource https://vercel.com/_next/static/immutable/chunks/2auu4bhcsy3ul.css was preloaded using link preload but not used within a few seconds from the window's load event. Please make sure it has an appropriate `as` value and it is preloaded intentionally. @ https://vercel.com/pesmetal/pesmetal-site/settings/git:0
