[    1806ms] [LOG] %c
▲

    ____                               _ __
   / __ \________  ____ _____ ___     (_) /_
  / / / / ___/ _ \/ __ `/ __ `__ \   / / __/
 / /_/ / /  /  __/ /_/ / / / / / /  / / /__
/_____/_/   \___/\__,_/_/ /_/ /_/  /_/\__( )
   _____ __    _          _ __           |/
  / ___// /_  (_)___     (_) /_
  \__ \/ __ \/ / __ \   / / __/
 ___/ / / / / / /_/ /  / / /_
/____/_/ /_/_/ .___/  /_/\__/
            /_/
  

Hello!

- Open Source https://vercel.com/oss
- Careers https://vercel.com/careers
- Status https://www.vercel-status.com

 font-family: "Geist Mono", monospace; white-space: pre; line-height: 1; @ https://vercel.com/_next/static/immutable/chunks/09bognj3n0dzk.js:78
[    4471ms] Error: Minified React error #418; visit https://react.dev/errors/418?args[]=HTML&args[]= for the full message or use the non-minified dev environment for full errors and additional helpful warnings.
    at r6 (https://vercel.com/_next/static/immutable/chunks/09bognj3n0dzk.js:109:48012)
    at iz (https://vercel.com/_next/static/immutable/chunks/09bognj3n0dzk.js:109:102152)
    at sX (https://vercel.com/_next/static/immutable/chunks/09bognj3n0dzk.js:109:145161)
    at https://vercel.com/_next/static/immutable/chunks/09bognj3n0dzk.js:109:145006
    at sY (https://vercel.com/_next/static/immutable/chunks/09bognj3n0dzk.js:109:145014)
    at sj (https://vercel.com/_next/static/immutable/chunks/09bognj3n0dzk.js:109:140175)
    at ck (https://vercel.com/_next/static/immutable/chunks/09bognj3n0dzk.js:109:175009)
    at cv (https://vercel.com/_next/static/immutable/chunks/09bognj3n0dzk.js:109:172912)
    at cb (https://vercel.com/_next/static/immutable/chunks/09bognj3n0dzk.js:109:173269)
    at https://vercel.com/_next/static/immutable/chunks/09bognj3n0dzk.js:109:175068
[    5068ms] Minified React error #419; visit https://react.dev/errors/419 for the full message or use the non-minified dev environment for full errors and additional helpful warnings.
[    5073ms] Minified React error #419; visit https://react.dev/errors/419 for the full message or use the non-minified dev environment for full errors and additional helpful warnings.
[   11217ms] [WARNING] The resource https://vercel.com/_next/static/immutable/chunks/1zikulwq04u34.css was preloaded using link preload but not used within a few seconds from the window's load event. Please make sure it has an appropriate `as` value and it is preloaded intentionally. @ https://vercel.com/pesmetal/pesmetal-site:0
[   11218ms] [WARNING] The resource https://vercel.com/_next/static/immutable/chunks/0alwwayyf2lhy.css was preloaded using link preload but not used within a few seconds from the window's load event. Please make sure it has an appropriate `as` value and it is preloaded intentionally. @ https://vercel.com/pesmetal/pesmetal-site:0
[   11220ms] [WARNING] The resource https://vercel.com/_next/static/immutable/chunks/3l6n9tbuviet-.css was preloaded using link preload but not used within a few seconds from the window's load event. Please make sure it has an appropriate `as` value and it is preloaded intentionally. @ https://vercel.com/pesmetal/pesmetal-site:0
[   11222ms] [WARNING] The resource https://vercel.com/_next/static/immutable/chunks/3t_-x9195y9o-.css was preloaded using link preload but not used within a few seconds from the window's load event. Please make sure it has an appropriate `as` value and it is preloaded intentionally. @ https://vercel.com/pesmetal/pesmetal-site:0
[   11223ms] [WARNING] The resource https://vercel.com/_next/static/immutable/chunks/0kz5-i0nrwrgh.css was preloaded using link preload but not used within a few seconds from the window's load event. Please make sure it has an appropriate `as` value and it is preloaded intentionally. @ https://vercel.com/pesmetal/pesmetal-site:0
[   11226ms] [WARNING] The resource https://vercel.com/_next/static/immutable/chunks/373505qw2m2ws.css was preloaded using link preload but not used within a few seconds from the window's load event. Please make sure it has an appropriate `as` value and it is preloaded intentionally. @ https://vercel.com/pesmetal/pesmetal-site:0
[   11226ms] [WARNING] The resource https://vercel.com/_next/static/immutable/chunks/2jaw-bje_lms9.css was preloaded using link preload but not used within a few seconds from the window's load event. Please make sure it has an appropriate `as` value and it is preloaded intentionally. @ https://vercel.com/pesmetal/pesmetal-site:0
[   11226ms] [WARNING] The resource https://vercel.com/_next/static/immutable/chunks/3flhcz7cw314y.css was preloaded using link preload but not used within a few seconds from the window's load event. Please make sure it has an appropriate `as` value and it is preloaded intentionally. @ https://vercel.com/pesmetal/pesmetal-site:0
[   11227ms] [WARNING] The resource https://vercel.com/_next/static/immutable/chunks/3_5c1xwltru6n.css was preloaded using link preload but not used within a few seconds from the window's load event. Please make sure it has an appropriate `as` value and it is preloaded intentionally. @ https://vercel.com/pesmetal/pesmetal-site:0
[   11239ms] [WARNING] The resource https://vercel.com/_next/static/immutable/chunks/2auu4bhcsy3ul.css was preloaded using link preload but not used within a few seconds from the window's load event. Please make sure it has an appropriate `as` value and it is preloaded intentionally. @ https://vercel.com/pesmetal/pesmetal-site:0
[   11240ms] [WARNING] The resource https://vercel.com/_next/static/immutable/chunks/0ufugx6-98l3p.css was preloaded using link preload but not used within a few seconds from the window's load event. Please make sure it has an appropriate `as` value and it is preloaded intentionally. @ https://vercel.com/pesmetal/pesmetal-site:0
[   11240ms] [WARNING] The resource https://vercel.com/_next/static/immutable/chunks/09laauv2h79wx.css was preloaded using link preload but not used within a few seconds from the window's load event. Please make sure it has an appropriate `as` value and it is preloaded intentionally. @ https://vercel.com/pesmetal/pesmetal-site:0
[   12679ms] [ERROR] Failed to load resource: the server responded with a status of 404 () @ https://vercel.com/api/v1/projects/pesmetal-site/production-deployment?teamId=pesmetal:0
[   12877ms] [ERROR] Failed to load resource: net::ERR_NAME_NOT_RESOLVED @ https://m.stripe.com/6:0
[   13405ms] [ERROR] Failed to load resource: the server responded with a status of 404 () @ https://vercel.com/api/v1/projects/prj_lniEgYWizJTlXTKLBdTjHz11vGU8/production-deployment?teamId=pesmetal:0
[   13984ms] [WARNING] Deprecated API for given entry type. @ https://vercel.com/_next/static/immutable/chunks/3vuaw0m6zroe4.js:18
[   23098ms] [WARNING] The resource https://vercel.com/_next/static/immutable/chunks/1zikulwq04u34.css was preloaded using link preload but not used within a few seconds from the window's load event. Please make sure it has an appropriate `as` value and it is preloaded intentionally. @ https://vercel.com/pesmetal/pesmetal-site:0
[   23100ms] [WARNING] The resource https://vercel.com/_next/static/immutable/chunks/0alwwayyf2lhy.css was preloaded using link preload but not used within a few seconds from the window's load event. Please make sure it has an appropriate `as` value and it is preloaded intentionally. @ https://vercel.com/pesmetal/pesmetal-site:0
[   23103ms] [WARNING] The resource https://vercel.com/_next/static/immutable/chunks/3l6n9tbuviet-.css was preloaded using link preload but not used within a few seconds from the window's load event. Please make sure it has an appropriate `as` value and it is preloaded intentionally. @ https://vercel.com/pesmetal/pesmetal-site:0
[   23106ms] [WARNING] The resource https://vercel.com/_next/static/immutable/chunks/3t_-x9195y9o-.css was preloaded using link preload but not used within a few seconds from the window's load event. Please make sure it has an appropriate `as` value and it is preloaded intentionally. @ https://vercel.com/pesmetal/pesmetal-site:0
[   23112ms] [WARNING] The resource https://vercel.com/_next/static/immutable/chunks/0kz5-i0nrwrgh.css was preloaded using link preload but not used within a few seconds from the window's load event. Please make sure it has an appropriate `as` value and it is preloaded intentionally. @ https://vercel.com/pesmetal/pesmetal-site:0
[   23116ms] [WARNING] The resource https://vercel.com/_next/static/immutable/chunks/373505qw2m2ws.css was preloaded using link preload but not used within a few seconds from the window's load event. Please make sure it has an appropriate `as` value and it is preloaded intentionally. @ https://vercel.com/pesmetal/pesmetal-site:0
[   23118ms] [WARNING] The resource https://vercel.com/_next/static/immutable/chunks/2jaw-bje_lms9.css was preloaded using link preload but not used within a few seconds from the window's load event. Please make sure it has an appropriate `as` value and it is preloaded intentionally. @ https://vercel.com/pesmetal/pesmetal-site:0
[   23119ms] [WARNING] The resource https://vercel.com/_next/static/immutable/chunks/3flhcz7cw314y.css was preloaded using link preload but not used within a few seconds from the window's load event. Please make sure it has an appropriate `as` value and it is preloaded intentionally. @ https://vercel.com/pesmetal/pesmetal-site:0
[   23120ms] [WARNING] The resource https://vercel.com/_next/static/immutable/chunks/3_5c1xwltru6n.css was preloaded using link preload but not used within a few seconds from the window's load event. Please make sure it has an appropriate `as` value and it is preloaded intentionally. @ https://vercel.com/pesmetal/pesmetal-site:0
[   23125ms] [WARNING] The resource https://vercel.com/_next/static/immutable/chunks/2auu4bhcsy3ul.css was preloaded using link preload but not used within a few seconds from the window's load event. Please make sure it has an appropriate `as` value and it is preloaded intentionally. @ https://vercel.com/pesmetal/pesmetal-site:0
[   23126ms] [WARNING] The resource https://vercel.com/_next/static/immutable/chunks/0ufugx6-98l3p.css was preloaded using link preload but not used within a few seconds from the window's load event. Please make sure it has an appropriate `as` value and it is preloaded intentionally. @ https://vercel.com/pesmetal/pesmetal-site:0
[   23131ms] [WARNING] The resource https://vercel.com/_next/static/immutable/chunks/09laauv2h79wx.css was preloaded using link preload but not used within a few seconds from the window's load event. Please make sure it has an appropriate `as` value and it is preloaded intentionally. @ https://vercel.com/pesmetal/pesmetal-site:0
[   27413ms] [WARNING] The resource https://vercel.com/_next/static/immutable/chunks/1zikulwq04u34.css was preloaded using link preload but not used within a few seconds from the window's load event. Please make sure it has an appropriate `as` value and it is preloaded intentionally. @ https://vercel.com/pesmetal/pesmetal-site:0
[   27413ms] [WARNING] The resource https://vercel.com/_next/static/immutable/chunks/0alwwayyf2lhy.css was preloaded using link preload but not used within a few seconds from the window's load event. Please make sure it has an appropriate `as` value and it is preloaded intentionally. @ https://vercel.com/pesmetal/pesmetal-site:0
[   27413ms] [WARNING] The resource https://vercel.com/_next/static/immutable/chunks/3l6n9tbuviet-.css was preloaded using link preload but not used within a few seconds from the window's load event. Please make sure it has an appropriate `as` value and it is preloaded intentionally. @ https://vercel.com/pesmetal/pesmetal-site:0
[   27414ms] [WARNING] The resource https://vercel.com/_next/static/immutable/chunks/3t_-x9195y9o-.css was preloaded using link preload but not used within a few seconds from the window's load event. Please make sure it has an appropriate `as` value and it is preloaded intentionally. @ https://vercel.com/pesmetal/pesmetal-site:0
[   27414ms] [WARNING] The resource https://vercel.com/_next/static/immutable/chunks/0kz5-i0nrwrgh.css was preloaded using link preload but not used within a few seconds from the window's load event. Please make sure it has an appropriate `as` value and it is preloaded intentionally. @ https://vercel.com/pesmetal/pesmetal-site:0
[   27415ms] [WARNING] The resource https://vercel.com/_next/static/immutable/chunks/373505qw2m2ws.css was preloaded using link preload but not used within a few seconds from the window's load event. Please make sure it has an appropriate `as` value and it is preloaded intentionally. @ https://vercel.com/pesmetal/pesmetal-site:0
[   27416ms] [WARNING] The resource https://vercel.com/_next/static/immutable/chunks/2jaw-bje_lms9.css was preloaded using link preload but not used within a few seconds from the window's load event. Please make sure it has an appropriate `as` value and it is preloaded intentionally. @ https://vercel.com/pesmetal/pesmetal-site:0
[   27417ms] [WARNING] The resource https://vercel.com/_next/static/immutable/chunks/3flhcz7cw314y.css was preloaded using link preload but not used within a few seconds from the window's load event. Please make sure it has an appropriate `as` value and it is preloaded intentionally. @ https://vercel.com/pesmetal/pesmetal-site:0
[   27430ms] [WARNING] The resource https://vercel.com/_next/static/immutable/chunks/3_5c1xwltru6n.css was preloaded using link preload but not used within a few seconds from the window's load event. Please make sure it has an appropriate `as` value and it is preloaded intentionally. @ https://vercel.com/pesmetal/pesmetal-site:0
[   27435ms] [WARNING] The resource https://vercel.com/_next/static/immutable/chunks/2auu4bhcsy3ul.css was preloaded using link preload but not used within a few seconds from the window's load event. Please make sure it has an appropriate `as` value and it is preloaded intentionally. @ https://vercel.com/pesmetal/pesmetal-site:0
[   27437ms] [WARNING] The resource https://vercel.com/_next/static/immutable/chunks/0ufugx6-98l3p.css was preloaded using link preload but not used within a few seconds from the window's load event. Please make sure it has an appropriate `as` value and it is preloaded intentionally. @ https://vercel.com/pesmetal/pesmetal-site:0
[   27451ms] [WARNING] The resource https://vercel.com/_next/static/immutable/chunks/09laauv2h79wx.css was preloaded using link preload but not used within a few seconds from the window's load event. Please make sure it has an appropriate `as` value and it is preloaded intentionally. @ https://vercel.com/pesmetal/pesmetal-site:0
[   34041ms] [WARNING] The resource https://vercel.com/_next/static/immutable/chunks/1zikulwq04u34.css was preloaded using link preload but not used within a few seconds from the window's load event. Please make sure it has an appropriate `as` value and it is preloaded intentionally. @ https://vercel.com/pesmetal/pesmetal-site:0
[   34041ms] [WARNING] The resource https://vercel.com/_next/static/immutable/chunks/0alwwayyf2lhy.css was preloaded using link preload but not used within a few seconds from the window's load event. Please make sure it has an appropriate `as` value and it is preloaded intentionally. @ https://vercel.com/pesmetal/pesmetal-site:0
[   34041ms] [WARNING] The resource https://vercel.com/_next/static/immutable/chunks/3l6n9tbuviet-.css was preloaded using link preload but not used within a few seconds from the window's load event. Please make sure it has an appropriate `as` value and it is preloaded intentionally. @ https://vercel.com/pesmetal/pesmetal-site:0
[   34041ms] [WARNING] The resource https://vercel.com/_next/static/immutable/chunks/3t_-x9195y9o-.css was preloaded using link preload but not used within a few seconds from the window's load event. Please make sure it has an appropriate `as` value and it is preloaded intentionally. @ https://vercel.com/pesmetal/pesmetal-site:0
[   34041ms] [WARNING] The resource https://vercel.com/_next/static/immutable/chunks/0kz5-i0nrwrgh.css was preloaded using link preload but not used within a few seconds from the window's load event. Please make sure it has an appropriate `as` value and it is preloaded intentionally. @ https://vercel.com/pesmetal/pesmetal-site:0
[   34041ms] [WARNING] The resource https://vercel.com/_next/static/immutable/chunks/373505qw2m2ws.css was preloaded using link preload but not used within a few seconds from the window's load event. Please make sure it has an appropriate `as` value and it is preloaded intentionally. @ https://vercel.com/pesmetal/pesmetal-site:0
[   34041ms] [WARNING] The resource https://vercel.com/_next/static/immutable/chunks/2jaw-bje_lms9.css was preloaded using link preload but not used within a few seconds from the window's load event. Please make sure it has an appropriate `as` value and it is preloaded intentionally. @ https://vercel.com/pesmetal/pesmetal-site:0
[   34041ms] [WARNING] The resource https://vercel.com/_next/static/immutable/chunks/3flhcz7cw314y.css was preloaded using link preload but not used within a few seconds from the window's load event. Please make sure it has an appropriate `as` value and it is preloaded intentionally. @ https://vercel.com/pesmetal/pesmetal-site:0
[   34041ms] [WARNING] The resource https://vercel.com/_next/static/immutable/chunks/3_5c1xwltru6n.css was preloaded using link preload but not used within a few seconds from the window's load event. Please make sure it has an appropriate `as` value and it is preloaded intentionally. @ https://vercel.com/pesmetal/pesmetal-site:0
[   34041ms] [WARNING] The resource https://vercel.com/_next/static/immutable/chunks/2auu4bhcsy3ul.css was preloaded using link preload but not used within a few seconds from the window's load event. Please make sure it has an appropriate `as` value and it is preloaded intentionally. @ https://vercel.com/pesmetal/pesmetal-site:0
[   34041ms] [WARNING] The resource https://vercel.com/_next/static/immutable/chunks/0ufugx6-98l3p.css was preloaded using link preload but not used within a few seconds from the window's load event. Please make sure it has an appropriate `as` value and it is preloaded intentionally. @ https://vercel.com/pesmetal/pesmetal-site:0
[   34041ms] [WARNING] The resource https://vercel.com/_next/static/immutable/chunks/09laauv2h79wx.css was preloaded using link preload but not used within a few seconds from the window's load event. Please make sure it has an appropriate `as` value and it is preloaded intentionally. @ https://vercel.com/pesmetal/pesmetal-site:0
[   48598ms] [WARNING] The resource https://vercel.com/_next/static/immutable/chunks/1zikulwq04u34.css was preloaded using link preload but not used within a few seconds from the window's load event. Please make sure it has an appropriate `as` value and it is preloaded intentionally. @ https://vercel.com/pesmetal/pesmetal-site:0
[   48598ms] [WARNING] The resource https://vercel.com/_next/static/immutable/chunks/0alwwayyf2lhy.css was preloaded using link preload but not used within a few seconds from the window's load event. Please make sure it has an appropriate `as` value and it is preloaded intentionally. @ https://vercel.com/pesmetal/pesmetal-site:0
[   48598ms] [WARNING] The resource https://vercel.com/_next/static/immutable/chunks/3l6n9tbuviet-.css was preloaded using link preload but not used within a few seconds from the window's load event. Please make sure it has an appropriate `as` value and it is preloaded intentionally. @ https://vercel.com/pesmetal/pesmetal-site:0
[   48599ms] [WARNING] The resource https://vercel.com/_next/static/immutable/chunks/3t_-x9195y9o-.css was preloaded using link preload but not used within a few seconds from the window's load event. Please make sure it has an appropriate `as` value and it is preloaded intentionally. @ https://vercel.com/pesmetal/pesmetal-site:0
[   48600ms] [WARNING] The resource https://vercel.com/_next/static/immutable/chunks/0kz5-i0nrwrgh.css was preloaded using link preload but not used within a few seconds from the window's load event. Please make sure it has an appropriate `as` value and it is preloaded intentionally. @ https://vercel.com/pesmetal/pesmetal-site:0
[   48602ms] [WARNING] The resource https://vercel.com/_next/static/immutable/chunks/373505qw2m2ws.css was preloaded using link preload but not used within a few seconds from the window's load event. Please make sure it has an appropriate `as` value and it is preloaded intentionally. @ https://vercel.com/pesmetal/pesmetal-site:0
[   48604ms] [WARNING] The resource https://vercel.com/_next/static/immutable/chunks/2jaw-bje_lms9.css was preloaded using link preload but not used within a few seconds from the window's load event. Please make sure it has an appropriate `as` value and it is preloaded intentionally. @ https://vercel.com/pesmetal/pesmetal-site:0
[   48606ms] [WARNING] The resource https://vercel.com/_next/static/immutable/chunks/3flhcz7cw314y.css was preloaded using link preload but not used within a few seconds from the window's load event. Please make sure it has an appropriate `as` value and it is preloaded intentionally. @ https://vercel.com/pesmetal/pesmetal-site:0
[   48607ms] [WARNING] The resource https://vercel.com/_next/static/immutable/chunks/3_5c1xwltru6n.css was preloaded using link preload but not used within a few seconds from the window's load event. Please make sure it has an appropriate `as` value and it is preloaded intentionally. @ https://vercel.com/pesmetal/pesmetal-site:0
[   48609ms] [WARNING] The resource https://vercel.com/_next/static/immutable/chunks/2auu4bhcsy3ul.css was preloaded using link preload but not used within a few seconds from the window's load event. Please make sure it has an appropriate `as` value and it is preloaded intentionally. @ https://vercel.com/pesmetal/pesmetal-site:0
[   48617ms] [WARNING] The resource https://vercel.com/_next/static/immutable/chunks/0ufugx6-98l3p.css was preloaded using link preload but not used within a few seconds from the window's load event. Please make sure it has an appropriate `as` value and it is preloaded intentionally. @ https://vercel.com/pesmetal/pesmetal-site:0
[   48619ms] [WARNING] The resource https://vercel.com/_next/static/immutable/chunks/09laauv2h79wx.css was preloaded using link preload but not used within a few seconds from the window's load event. Please make sure it has an appropriate `as` value and it is preloaded intentionally. @ https://vercel.com/pesmetal/pesmetal-site:0
[   55419ms] [WARNING] The resource https://vercel.com/_next/static/immutable/chunks/1zikulwq04u34.css was preloaded using link preload but not used within a few seconds from the window's load event. Please make sure it has an appropriate `as` value and it is preloaded intentionally. @ https://vercel.com/pesmetal/pesmetal-site:0
[   55419ms] [WARNING] The resource https://vercel.com/_next/static/immutable/chunks/0alwwayyf2lhy.css was preloaded using link preload but not used within a few seconds from the window's load event. Please make sure it has an appropriate `as` value and it is preloaded intentionally. @ https://vercel.com/pesmetal/pesmetal-site:0
[   55419ms] [WARNING] The resource https://vercel.com/_next/static/immutable/chunks/3l6n9tbuviet-.css was preloaded using link preload but not used within a few seconds from the window's load event. Please make sure it has an appropriate `as` value and it is preloaded intentionally. @ https://vercel.com/pesmetal/pesmetal-site:0
[   55419ms] [WARNING] The resource https://vercel.com/_next/static/immutable/chunks/3t_-x9195y9o-.css was preloaded using link preload but not used within a few seconds from the window's load event. Please make sure it has an appropriate `as` value and it is preloaded intentionally. @ https://vercel.com/pesmetal/pesmetal-site:0
[   55422ms] [WARNING] The resource https://vercel.com/_next/static/immutable/chunks/0kz5-i0nrwrgh.css was preloaded using link preload but not used within a few seconds from the window's load event. Please make sure it has an appropriate `as` value and it is preloaded intentionally. @ https://vercel.com/pesmetal/pesmetal-site:0
[   55425ms] [WARNING] The resource https://vercel.com/_next/static/immutable/chunks/373505qw2m2ws.css was preloaded using link preload but not used within a few seconds from the window's load event. Please make sure it has an appropriate `as` value and it is preloaded intentionally. @ https://vercel.com/pesmetal/pesmetal-site:0
[   55427ms] [WARNING] The resource https://vercel.com/_next/static/immutable/chunks/2jaw-bje_lms9.css was preloaded using link preload but not used within a few seconds from the window's load event. Please make sure it has an appropriate `as` value and it is preloaded intentionally. @ https://vercel.com/pesmetal/pesmetal-site:0
[   55432ms] [WARNING] The resource https://vercel.com/_next/static/immutable/chunks/3flhcz7cw314y.css was preloaded using link preload but not used within a few seconds from the window's load event. Please make sure it has an appropriate `as` value and it is preloaded intentionally. @ https://vercel.com/pesmetal/pesmetal-site:0
[   55435ms] [WARNING] The resource https://vercel.com/_next/static/immutable/chunks/3_5c1xwltru6n.css was preloaded using link preload but not used within a few seconds from the window's load event. Please make sure it has an appropriate `as` value and it is preloaded intentionally. @ https://vercel.com/pesmetal/pesmetal-site:0
[   55442ms] [WARNING] The resource https://vercel.com/_next/static/immutable/chunks/2auu4bhcsy3ul.css was preloaded using link preload but not used within a few seconds from the window's load event. Please make sure it has an appropriate `as` value and it is preloaded intentionally. @ https://vercel.com/pesmetal/pesmetal-site:0
[   55444ms] [WARNING] The resource https://vercel.com/_next/static/immutable/chunks/0ufugx6-98l3p.css was preloaded using link preload but not used within a few seconds from the window's load event. Please make sure it has an appropriate `as` value and it is preloaded intentionally. @ https://vercel.com/pesmetal/pesmetal-site:0
[   55449ms] [WARNING] The resource https://vercel.com/_next/static/immutable/chunks/09laauv2h79wx.css was preloaded using link preload but not used within a few seconds from the window's load event. Please make sure it has an appropriate `as` value and it is preloaded intentionally. @ https://vercel.com/pesmetal/pesmetal-site:0
[   59161ms] [WARNING] The resource https://vercel.com/_next/static/immutable/chunks/1zikulwq04u34.css was preloaded using link preload but not used within a few seconds from the window's load event. Please make sure it has an appropriate `as` value and it is preloaded intentionally. @ https://vercel.com/pesmetal/pesmetal-site:0
[   59164ms] [WARNING] The resource https://vercel.com/_next/static/immutable/chunks/0alwwayyf2lhy.css was preloaded using link preload but not used within a few seconds from the window's load event. Please make sure it has an appropriate `as` value and it is preloaded intentionally. @ https://vercel.com/pesmetal/pesmetal-site:0
[   59165ms] [WARNING] The resource https://vercel.com/_next/static/immutable/chunks/3l6n9tbuviet-.css was preloaded using link preload but not used within a few seconds from the window's load event. Please make sure it has an appropriate `as` value and it is preloaded intentionally. @ https://vercel.com/pesmetal/pesmetal-site:0
[   59166ms] [WARNING] The resource https://vercel.com/_next/static/immutable/chunks/3t_-x9195y9o-.css was preloaded using link preload but not used within a few seconds from the window's load event. Please make sure it has an appropriate `as` value and it is preloaded intentionally. @ https://vercel.com/pesmetal/pesmetal-site:0
[   59166ms] [WARNING] The resource https://vercel.com/_next/static/immutable/chunks/0kz5-i0nrwrgh.css was preloaded using link preload but not used within a few seconds from the window's load event. Please make sure it has an appropriate `as` value and it is preloaded intentionally. @ https://vercel.com/pesmetal/pesmetal-site:0
[   59167ms] [WARNING] The resource https://vercel.com/_next/static/immutable/chunks/373505qw2m2ws.css was preloaded using link preload but not used within a few seconds from the window's load event. Please make sure it has an appropriate `as` value and it is preloaded intentionally. @ https://vercel.com/pesmetal/pesmetal-site:0
[   59168ms] [WARNING] The resource https://vercel.com/_next/static/immutable/chunks/2jaw-bje_lms9.css was preloaded using link preload but not used within a few seconds from the window's load event. Please make sure it has an appropriate `as` value and it is preloaded intentionally. @ https://vercel.com/pesmetal/pesmetal-site:0
[   59168ms] [WARNING] The resource https://vercel.com/_next/static/immutable/chunks/3flhcz7cw314y.css was preloaded using link preload but not used within a few seconds from the window's load event. Please make sure it has an appropriate `as` value and it is preloaded intentionally. @ https://vercel.com/pesmetal/pesmetal-site:0
[   59169ms] [WARNING] The resource https://vercel.com/_next/static/immutable/chunks/3_5c1xwltru6n.css was preloaded using link preload but not used within a few seconds from the window's load event. Please make sure it has an appropriate `as` value and it is preloaded intentionally. @ https://vercel.com/pesmetal/pesmetal-site:0
[   59170ms] [WARNING] The resource https://vercel.com/_next/static/immutable/chunks/2auu4bhcsy3ul.css was preloaded using link preload but not used within a few seconds from the window's load event. Please make sure it has an appropriate `as` value and it is preloaded intentionally. @ https://vercel.com/pesmetal/pesmetal-site:0
[   59171ms] [WARNING] The resource https://vercel.com/_next/static/immutable/chunks/0ufugx6-98l3p.css was preloaded using link preload but not used within a few seconds from the window's load event. Please make sure it has an appropriate `as` value and it is preloaded intentionally. @ https://vercel.com/pesmetal/pesmetal-site:0
[   59172ms] [WARNING] The resource https://vercel.com/_next/static/immutable/chunks/09laauv2h79wx.css was preloaded using link preload but not used within a few seconds from the window's load event. Please make sure it has an appropriate `as` value and it is preloaded intentionally. @ https://vercel.com/pesmetal/pesmetal-site:0
[   66243ms] [WARNING] The resource https://vercel.com/_next/static/immutable/chunks/1zikulwq04u34.css was preloaded using link preload but not used within a few seconds from the window's load event. Please make sure it has an appropriate `as` value and it is preloaded intentionally. @ https://vercel.com/pesmetal/pesmetal-site:0
[   66247ms] [WARNING] The resource https://vercel.com/_next/static/immutable/chunks/0alwwayyf2lhy.css was preloaded using link preload but not used within a few seconds from the window's load event. Please make sure it has an appropriate `as` value and it is preloaded intentionally. @ https://vercel.com/pesmetal/pesmetal-site:0
[   66247ms] [WARNING] The resource https://vercel.com/_next/static/immutable/chunks/3l6n9tbuviet-.css was preloaded using link preload but not used within a few seconds from the window's load event. Please make sure it has an appropriate `as` value and it is preloaded intentionally. @ https://vercel.com/pesmetal/pesmetal-site:0
[   66247ms] [WARNING] The resource https://vercel.com/_next/static/immutable/chunks/3t_-x9195y9o-.css was preloaded using link preload but not used within a few seconds from the window's load event. Please make sure it has an appropriate `as` value and it is preloaded intentionally. @ https://vercel.com/pesmetal/pesmetal-site:0
[   66248ms] [WARNING] The resource https://vercel.com/_next/static/immutable/chunks/0kz5-i0nrwrgh.css was preloaded using link preload but not used within a few seconds from the window's load event. Please make sure it has an appropriate `as` value and it is preloaded intentionally. @ https://vercel.com/pesmetal/pesmetal-site:0
[   66249ms] [WARNING] The resource https://vercel.com/_next/static/immutable/chunks/373505qw2m2ws.css was preloaded using link preload but not used within a few seconds from the window's load event. Please make sure it has an appropriate `as` value and it is preloaded intentionally. @ https://vercel.com/pesmetal/pesmetal-site:0
[   66250ms] [WARNING] The resource https://vercel.com/_next/static/immutable/chunks/2jaw-bje_lms9.css was preloaded using link preload but not used within a few seconds from the window's load event. Please make sure it has an appropriate `as` value and it is preloaded intentionally. @ https://vercel.com/pesmetal/pesmetal-site:0
[   66251ms] [WARNING] The resource https://vercel.com/_next/static/immutable/chunks/3flhcz7cw314y.css was preloaded using link preload but not used within a few seconds from the window's load event. Please make sure it has an appropriate `as` value and it is preloaded intentionally. @ https://vercel.com/pesmetal/pesmetal-site:0
[   66252ms] [WARNING] The resource https://vercel.com/_next/static/immutable/chunks/3_5c1xwltru6n.css was preloaded using link preload but not used within a few seconds from the window's load event. Please make sure it has an appropriate `as` value and it is preloaded intentionally. @ https://vercel.com/pesmetal/pesmetal-site:0
[   66252ms] [WARNING] The resource https://vercel.com/_next/static/immutable/chunks/2auu4bhcsy3ul.css was preloaded using link preload but not used within a few seconds from the window's load event. Please make sure it has an appropriate `as` value and it is preloaded intentionally. @ https://vercel.com/pesmetal/pesmetal-site:0
[   66254ms] [WARNING] The resource https://vercel.com/_next/static/immutable/chunks/0ufugx6-98l3p.css was preloaded using link preload but not used within a few seconds from the window's load event. Please make sure it has an appropriate `as` value and it is preloaded intentionally. @ https://vercel.com/pesmetal/pesmetal-site:0
[   66255ms] [WARNING] The resource https://vercel.com/_next/static/immutable/chunks/09laauv2h79wx.css was preloaded using link preload but not used within a few seconds from the window's load event. Please make sure it has an appropriate `as` value and it is preloaded intentionally. @ https://vercel.com/pesmetal/pesmetal-site:0
[   77096ms] [WARNING] The resource https://vercel.com/_next/static/immutable/chunks/1zikulwq04u34.css was preloaded using link preload but not used within a few seconds from the window's load event. Please make sure it has an appropriate `as` value and it is preloaded intentionally. @ https://vercel.com/pesmetal/pesmetal-site:0
[   77096ms] [WARNING] The resource https://vercel.com/_next/static/immutable/chunks/0alwwayyf2lhy.css was preloaded using link preload but not used within a few seconds from the window's load event. Please make sure it has an appropriate `as` value and it is preloaded intentionally. @ https://vercel.com/pesmetal/pesmetal-site:0
[   77097ms] [WARNING] The resource https://vercel.com/_next/static/immutable/chunks/3l6n9tbuviet-.css was preloaded using link preload but not used within a few seconds from the window's load event. Please make sure it has an appropriate `as` value and it is preloaded intentionally. @ https://vercel.com/pesmetal/pesmetal-site:0
[   77097ms] [WARNING] The resource https://vercel.com/_next/static/immutable/chunks/3t_-x9195y9o-.css was preloaded using link preload but not used within a few seconds from the window's load event. Please make sure it has an appropriate `as` value and it is preloaded intentionally. @ https://vercel.com/pesmetal/pesmetal-site:0
[   77098ms] [WARNING] The resource https://vercel.com/_next/static/immutable/chunks/0kz5-i0nrwrgh.css was preloaded using link preload but not used within a few seconds from the window's load event. Please make sure it has an appropriate `as` value and it is preloaded intentionally. @ https://vercel.com/pesmetal/pesmetal-site:0
[   77098ms] [WARNING] The resource https://vercel.com/_next/static/immutable/chunks/373505qw2m2ws.css was preloaded using link preload but not used within a few seconds from the window's load event. Please make sure it has an appropriate `as` value and it is preloaded intentionally. @ https://vercel.com/pesmetal/pesmetal-site:0
[   77098ms] [WARNING] The resource https://vercel.com/_next/static/immutable/chunks/2jaw-bje_lms9.css was preloaded using link preload but not used within a few seconds from the window's load event. Please make sure it has an appropriate `as` value and it is preloaded intentionally. @ https://vercel.com/pesmetal/pesmetal-site:0
[   77099ms] [WARNING] The resource https://vercel.com/_next/static/immutable/chunks/3flhcz7cw314y.css was preloaded using link preload but not used within a few seconds from the window's load event. Please make sure it has an appropriate `as` value and it is preloaded intentionally. @ https://vercel.com/pesmetal/pesmetal-site:0
[   77100ms] [WARNING] The resource https://vercel.com/_next/static/immutable/chunks/3_5c1xwltru6n.css was preloaded using link preload but not used within a few seconds from the window's load event. Please make sure it has an appropriate `as` value and it is preloaded intentionally. @ https://vercel.com/pesmetal/pesmetal-site:0
[   77101ms] [WARNING] The resource https://vercel.com/_next/static/immutable/chunks/2auu4bhcsy3ul.css was preloaded using link preload but not used within a few seconds from the window's load event. Please make sure it has an appropriate `as` value and it is preloaded intentionally. @ https://vercel.com/pesmetal/pesmetal-site:0
[   77102ms] [WARNING] The resource https://vercel.com/_next/static/immutable/chunks/0ufugx6-98l3p.css was preloaded using link preload but not used within a few seconds from the window's load event. Please make sure it has an appropriate `as` value and it is preloaded intentionally. @ https://vercel.com/pesmetal/pesmetal-site:0
[   77102ms] [WARNING] The resource https://vercel.com/_next/static/immutable/chunks/09laauv2h79wx.css was preloaded using link preload but not used within a few seconds from the window's load event. Please make sure it has an appropriate `as` value and it is preloaded intentionally. @ https://vercel.com/pesmetal/pesmetal-site:0
[   80925ms] [WARNING] The resource https://vercel.com/_next/static/immutable/chunks/1zikulwq04u34.css was preloaded using link preload but not used within a few seconds from the window's load event. Please make sure it has an appropriate `as` value and it is preloaded intentionally. @ https://vercel.com/pesmetal/pesmetal-site:0
[   80925ms] [WARNING] The resource https://vercel.com/_next/static/immutable/chunks/0alwwayyf2lhy.css was preloaded using link preload but not used within a few seconds from the window's load event. Please make sure it has an appropriate `as` value and it is preloaded intentionally. @ https://vercel.com/pesmetal/pesmetal-site:0
[   80925ms] [WARNING] The resource https://vercel.com/_next/static/immutable/chunks/3l6n9tbuviet-.css was preloaded using link preload but not used within a few seconds from the window's load event. Please make sure it has an appropriate `as` value and it is preloaded intentionally. @ https://vercel.com/pesmetal/pesmetal-site:0
[   80925ms] [WARNING] The resource https://vercel.com/_next/static/immutable/chunks/3t_-x9195y9o-.css was preloaded using link preload but not used within a few seconds from the window's load event. Please make sure it has an appropriate `as` value and it is preloaded intentionally. @ https://vercel.com/pesmetal/pesmetal-site:0
[   80925ms] [WARNING] The resource https://vercel.com/_next/static/immutable/chunks/0kz5-i0nrwrgh.css was preloaded using link preload but not used within a few seconds from the window's load event. Please make sure it has an appropriate `as` value and it is preloaded intentionally. @ https://vercel.com/pesmetal/pesmetal-site:0
[   80925ms] [WARNING] The resource https://vercel.com/_next/static/immutable/chunks/373505qw2m2ws.css was preloaded using link preload but not used within a few seconds from the window's load event. Please make sure it has an appropriate `as` value and it is preloaded intentionally. @ https://vercel.com/pesmetal/pesmetal-site:0
[   80925ms] [WARNING] The resource https://vercel.com/_next/static/immutable/chunks/2jaw-bje_lms9.css was preloaded using link preload but not used within a few seconds from the window's load event. Please make sure it has an appropriate `as` value and it is preloaded intentionally. @ https://vercel.com/pesmetal/pesmetal-site:0
[   80925ms] [WARNING] The resource https://vercel.com/_next/static/immutable/chunks/3flhcz7cw314y.css was preloaded using link preload but not used within a few seconds from the window's load event. Please make sure it has an appropriate `as` value and it is preloaded intentionally. @ https://vercel.com/pesmetal/pesmetal-site:0
[   80925ms] [WARNING] The resource https://vercel.com/_next/static/immutable/chunks/3_5c1xwltru6n.css was preloaded using link preload but not used within a few seconds from the window's load event. Please make sure it has an appropriate `as` value and it is preloaded intentionally. @ https://vercel.com/pesmetal/pesmetal-site:0
[   80925ms] [WARNING] The resource https://vercel.com/_next/static/immutable/chunks/2auu4bhcsy3ul.css was preloaded using link preload but not used within a few seconds from the window's load event. Please make sure it has an appropriate `as` value and it is preloaded intentionally. @ https://vercel.com/pesmetal/pesmetal-site:0
[   80925ms] [WARNING] The resource https://vercel.com/_next/static/immutable/chunks/0ufugx6-98l3p.css was preloaded using link preload but not used within a few seconds from the window's load event. Please make sure it has an appropriate `as` value and it is preloaded intentionally. @ https://vercel.com/pesmetal/pesmetal-site:0
[   80926ms] [WARNING] The resource https://vercel.com/_next/static/immutable/chunks/09laauv2h79wx.css was preloaded using link preload but not used within a few seconds from the window's load event. Please make sure it has an appropriate `as` value and it is preloaded intentionally. @ https://vercel.com/pesmetal/pesmetal-site:0
