[    3993ms] [INFO] 
    _____
 ___ |[]|_n__n_I_c
|___||__|###|____}
 O-O--O-O+++--O-O
****************************************
*                                      *
*           Enjoying Railway?          *
*                                      *
*         Want to ride with us?        *
*                                      *
*              Hop aboard,             *
*   the train is leaving the station!  *
*                                      *
*      https://railway.com/careers     *
*                                      *
****************************************
 @ https://railway.com/assets/main-D3CtyJhF.js:64
[    3993ms] [INFO] 
    _____
 ___ |[]|_n__n_I_c
|___||__|###|____}
 O-O--O-O+++--O-O
****************************************
*                                      *
*           Enjoying Railway?          *
*                                      *
*         Want to ride with us?        *
*                                      *
*              Hop aboard,             *
*   the train is leaving the station!  *
*                                      *
*      https://railway.com/careers     *
*                                      *
****************************************
 @ https://railway.com/assets/main-D3CtyJhF.js:102
[    5850ms] Error: Minified React error #418; visit https://reactjs.org/docs/error-decoder.html?invariant=418 for the full message or use the non-minified dev environment for full errors and additional helpful warnings.
    at Va (https://railway.com/assets/react-dom-DnBidG4-.js:6:4758)
    at Wl (https://railway.com/assets/react-dom-DnBidG4-.js:8:45043)
    at Pl (https://railway.com/assets/react-dom-DnBidG4-.js:8:39294)
    at Ml (https://railway.com/assets/react-dom-DnBidG4-.js:8:39225)
    at jl (https://railway.com/assets/react-dom-DnBidG4-.js:8:39085)
    at vl (https://railway.com/assets/react-dom-DnBidG4-.js:8:34264)
    at te (https://railway.com/assets/react-dom-DnBidG4-.js:1:1616)
    at MessagePort.se (https://railway.com/assets/react-dom-DnBidG4-.js:1:1986)
[    5851ms] Error: Minified React error #425; visit https://reactjs.org/docs/error-decoder.html?invariant=425 for the full message or use the non-minified dev environment for full errors and additional helpful warnings.
    at Li (https://railway.com/assets/react-dom-DnBidG4-.js:6:68)
    at yc (https://railway.com/assets/react-dom-DnBidG4-.js:8:15917)
    at Fl (https://railway.com/assets/react-dom-DnBidG4-.js:8:39597)
    at Pl (https://railway.com/assets/react-dom-DnBidG4-.js:8:39354)
    at Ml (https://railway.com/assets/react-dom-DnBidG4-.js:8:39225)
    at jl (https://railway.com/assets/react-dom-DnBidG4-.js:8:39085)
    at vl (https://railway.com/assets/react-dom-DnBidG4-.js:8:34264)
    at te (https://railway.com/assets/react-dom-DnBidG4-.js:1:1616)
    at MessagePort.se (https://railway.com/assets/react-dom-DnBidG4-.js:1:1986)
[    5851ms] Error: Minified React error #418; visit https://reactjs.org/docs/error-decoder.html?invariant=418 for the full message or use the non-minified dev environment for full errors and additional helpful warnings.
    at Va (https://railway.com/assets/react-dom-DnBidG4-.js:6:4875)
    at Wl (https://railway.com/assets/react-dom-DnBidG4-.js:8:45043)
    at Pl (https://railway.com/assets/react-dom-DnBidG4-.js:8:39294)
    at Ml (https://railway.com/assets/react-dom-DnBidG4-.js:8:39225)
    at jl (https://railway.com/assets/react-dom-DnBidG4-.js:8:39085)
    at vl (https://railway.com/assets/react-dom-DnBidG4-.js:8:34264)
    at te (https://railway.com/assets/react-dom-DnBidG4-.js:1:1616)
    at MessagePort.se (https://railway.com/assets/react-dom-DnBidG4-.js:1:1986)
[    5851ms] Error: Minified React error #418; visit https://reactjs.org/docs/error-decoder.html?invariant=418 for the full message or use the non-minified dev environment for full errors and additional helpful warnings.
    at Va (https://railway.com/assets/react-dom-DnBidG4-.js:6:4875)
    at Wl (https://railway.com/assets/react-dom-DnBidG4-.js:8:45043)
    at Pl (https://railway.com/assets/react-dom-DnBidG4-.js:8:39294)
    at Ml (https://railway.com/assets/react-dom-DnBidG4-.js:8:39225)
    at jl (https://railway.com/assets/react-dom-DnBidG4-.js:8:39085)
    at vl (https://railway.com/assets/react-dom-DnBidG4-.js:8:34264)
    at te (https://railway.com/assets/react-dom-DnBidG4-.js:1:1616)
    at MessagePort.se (https://railway.com/assets/react-dom-DnBidG4-.js:1:1986)
[    5852ms] Error: Minified React error #422; visit https://reactjs.org/docs/error-decoder.html?invariant=422 for the full message or use the non-minified dev environment for full errors and additional helpful warnings.
    at cc (https://railway.com/assets/react-dom-DnBidG4-.js:8:8380)
    at ac (https://railway.com/assets/react-dom-DnBidG4-.js:8:7321)
    at Wl (https://railway.com/assets/react-dom-DnBidG4-.js:8:45245)
    at Pl (https://railway.com/assets/react-dom-DnBidG4-.js:8:39294)
    at Ml (https://railway.com/assets/react-dom-DnBidG4-.js:8:39225)
    at jl (https://railway.com/assets/react-dom-DnBidG4-.js:8:39085)
    at vl (https://railway.com/assets/react-dom-DnBidG4-.js:8:34264)
    at te (https://railway.com/assets/react-dom-DnBidG4-.js:1:1616)
    at MessagePort.se (https://railway.com/assets/react-dom-DnBidG4-.js:1:1986)
[    8568ms] [ERROR] Failed to load resource: net::ERR_NAME_NOT_RESOLVED @ https://m.stripe.com/6:0
