[    3174ms] [INFO] 
    _____
 ___ |[]|_n__n_I_c
|___||__|###|____}
 O-O--O-O+++--O-O
****************************************
*                                      *
*           Enjoying Railway?          *
*                                      *
*         Want to ride with us?        *
*                                      *
*              Hop aboard,             *
*   the train is leaving the station!  *
*                                      *
*      https://railway.com/careers     *
*                                      *
****************************************
 @ https://railway.com/assets/main-D3CtyJhF.js:64
[    3175ms] [INFO] 
    _____
 ___ |[]|_n__n_I_c
|___||__|###|____}
 O-O--O-O+++--O-O
****************************************
*                                      *
*           Enjoying Railway?          *
*                                      *
*         Want to ride with us?        *
*                                      *
*              Hop aboard,             *
*   the train is leaving the station!  *
*                                      *
*      https://railway.com/careers     *
*                                      *
****************************************
 @ https://railway.com/assets/main-D3CtyJhF.js:102
[    5410ms] Error: Minified React error #421; visit https://reactjs.org/docs/error-decoder.html?invariant=421 for the full message or use the non-minified dev environment for full errors and additional helpful warnings.
    at cc (https://railway.com/assets/react-dom-DnBidG4-.js:8:9367)
    at ac (https://railway.com/assets/react-dom-DnBidG4-.js:8:7321)
    at Wl (https://railway.com/assets/react-dom-DnBidG4-.js:8:45245)
    at Pl (https://railway.com/assets/react-dom-DnBidG4-.js:8:39294)
    at Ml (https://railway.com/assets/react-dom-DnBidG4-.js:8:39225)
    at jl (https://railway.com/assets/react-dom-DnBidG4-.js:8:39085)
    at vl (https://railway.com/assets/react-dom-DnBidG4-.js:8:34264)
    at te (https://railway.com/assets/react-dom-DnBidG4-.js:1:1616)
    at MessagePort.se (https://railway.com/assets/react-dom-DnBidG4-.js:1:1986)
[    8276ms] [ERROR] Failed to load resource: net::ERR_NAME_NOT_RESOLVED @ https://m.stripe.com/6:0
[   12827ms] [LOG] %c%s color: red; background: yellow; font-size: 24px; AVISO @ https://www.gstatic.com/_/mss/boq-identity/_/js/k=boq-identity.AccountsSignInUi.pt_BR.UIIpCGun_2I.es5.O/am=IQIAAAAMeCMBQP7_vwEABBBsB3xfC6AJEDIAAAAAAAAAAIAFAABoCCA/d=1/excm=_b,_tp,accountchooserview/ed=1/dg=0/wt=2/ujg=1/rs=AOaEmlEiLaK1HKFPu3QiEbU77ZicMuvp9Q/dti=1/m=_b,_tp:560
[   12827ms] [LOG] %c%s font-size: 18px; O uso deste console pode permitir que invasores falsifiquem sua identidade para roubar informações por meio de um ataque chamado Self-XSS.
Não insira nem cole códigos que você não conheça. @ https://www.gstatic.com/_/mss/boq-identity/_/js/k=boq-identity.AccountsSignInUi.pt_BR.UIIpCGun_2I.es5.O/am=IQIAAAAMeCMBQP7_vwEABBBsB3xfC6AJEDIAAAAAAAAAAIAFAABoCCA/d=1/excm=_b,_tp,accountchooserview/ed=1/dg=0/wt=2/ujg=1/rs=AOaEmlEiLaK1HKFPu3QiEbU77ZicMuvp9Q/dti=1/m=_b,_tp:560
[   13701ms] [WARNING] The powerPreference option is currently ignored when calling requestAdapter() on Windows. See https://crbug.com/369219127 @ :0
[   13708ms] [WARNING] The powerPreference option is currently ignored when calling requestAdapter() on Windows. See https://crbug.com/369219127 @ :0
[   13865ms] [VERBOSE] [DOM] Password field is not contained in a form: (More info: https://goo.gl/9p2vKq) %o @ https://accounts.google.com/v3/signin/identifier?access_type=offline&app_domain=https%3A%2F%2Fbackboard.railway.com&client_id=659928376555-2940lug33ti1gjmhbeod11g156sag21v.apps.googleusercontent.com&code_challenge=afUoF9HMvsP0HiVAQNpLxnRqWWL7Oov2BYnuV_zfZ9Q&code_challenge_method=S256&continue=https%3A%2F%2Faccounts.google.com%2Fsignin%2Foauth%2Fconsent%3Fauthuser%3Dunknown%26part%3DAJi8hAMJ5Lofl_uTGXTLNGrG59NzpkJSAtH9F_CD2Mlb_JFVjkCCuAnClP9E4PyD2oNiQrAeFkt1r8So35CRjGLnE1srmMeRrM0C1dzrIRpfvkchFPzOrc0IQdt-RsrMK0HeoQpYoB6AQL7ShRAuLqtsaSqtGPvd87Av133EpXBCf0X60le5dMpJVSyNPH_RbUZQfvuF5b9aVP8Zd5ny7wXuwEBc_xXqmxHt3V-5Kr6KST27L70tMM0mb9um6hdQPjuZLJBwk4AUsnKs5Ici1lXKhKOA6JrLcBZXUBZupQzdzanO0lIgNv-Fg-cffBi-aXAqRGR5S7374LjHwEM1oMGRnBvJyZpiGL5XJhwpyQ2uLvkhQQlzTRwvLrwhAME7YX5LibmK6EalkRf695v8bluxN0BuoPwKx03BHdCc7t22ybLj8rZ-QLJgRWtZKQgm_TsHnHLWkS3IRzWStrSBbFQOrEoyFProVlW4ENuvOmU4JL-rPyzwHwo%26flowName%3DGeneralOAuthFlow%26as%3DS1512241047%253A1788383880999750%26client_id%3D659928376555-2940lug33ti1gjmhbeod11g156sag21v.apps.googleusercontent.com%26requestPath%3D%252Fsignin%252Foauth%252Fconsent%23&dsh=S1512241047%3A1788383880999750&flowName=GeneralOAuthFlow&o2v=2&opparams=%253F&prompt=select_account%20consent&redirect_uri=https%3A%2F%2Fbackboard.railway.com%2Flogin%2Fgoogle%2Fcallback&response_type=code&scope=https%3A%2F%2Fwww.googleapis.com%2Fauth%2Fuserinfo.email%20https%3A%2F%2Fwww.googleapis.com%2Fauth%2Fuserinfo.profile&service=lso&state=bmV4dD0lMkZkYXNoYm9hcmQmcG9zdGhvZ1Nlc3Npb25JZD0wMWEwNjNmYy00ZDllLTc2OTAtOThmMi1kNTEyMTVhYzNjYTcmYXR0cmlidXRpb249JTdCJTIycmVmZXJyaW5nRG9tYWluJTIyJTNBJTIyJTI0ZGlyZWN0JTIyJTJDJTIybGFuZGluZ1BhdGglMjIlM0ElMjIlMkZwcm9qZWN0JTJGNDA0OWNjMTEtM2U5ZC00NWI0LTkxMjktOThiMTQ3NWJhYjQ2JTIyJTdEJnJlZmVyZXI9aHR0cHMlM0ElMkYlMkZyYWlsd2F5LmNvbSUyRiZyZWRpcmVjdFVybD1odHRwcyUzQSUyRiUyRmJhY2tib2FyZC5yYWlsd2F5LmNvbSUyRmxvZ2luJTJGZ29vZ2xlJTJGY2FsbGJhY2smbm9uY2U9MjYyN2IwNzMtZWZkMS00NGFhLTk0YjctMGU3MzYzNWQ4MDE1:0
[   14596ms] [WARNING] The powerPreference option is currently ignored when calling requestAdapter() on Windows. See https://crbug.com/369219127 @ :0
[   24493ms] [VERBOSE] [DOM] Password field is not contained in a form: (More info: https://goo.gl/9p2vKq) %o @ https://accounts.google.com/v3/signin/challenge/pwd?TL=ACv9tzF486OpI_jqsaCKsq9-IkqcWDwpXCxpuif4kO1qem5Nng5KddkWl-MAmEg4&access_type=offline&app_domain=https%3A%2F%2Fbackboard.railway.com&checkConnection=youtube%3A351&checkedDomains=youtube&cid=1&client_id=659928376555-2940lug33ti1gjmhbeod11g156sag21v.apps.googleusercontent.com&code_challenge=afUoF9HMvsP0HiVAQNpLxnRqWWL7Oov2BYnuV_zfZ9Q&code_challenge_method=S256&continue=https%3A%2F%2Faccounts.google.com%2Fsignin%2Foauth%2Fconsent%3Fauthuser%3Dunknown%26part%3DAJi8hAMJ5Lofl_uTGXTLNGrG59NzpkJSAtH9F_CD2Mlb_JFVjkCCuAnClP9E4PyD2oNiQrAeFkt1r8So35CRjGLnE1srmMeRrM0C1dzrIRpfvkchFPzOrc0IQdt-RsrMK0HeoQpYoB6AQL7ShRAuLqtsaSqtGPvd87Av133EpXBCf0X60le5dMpJVSyNPH_RbUZQfvuF5b9aVP8Zd5ny7wXuwEBc_xXqmxHt3V-5Kr6KST27L70tMM0mb9um6hdQPjuZLJBwk4AUsnKs5Ici1lXKhKOA6JrLcBZXUBZupQzdzanO0lIgNv-Fg-cffBi-aXAqRGR5S7374LjHwEM1oMGRnBvJyZpiGL5XJhwpyQ2uLvkhQQlzTRwvLrwhAME7YX5LibmK6EalkRf695v8bluxN0BuoPwKx03BHdCc7t22ybLj8rZ-QLJgRWtZKQgm_TsHnHLWkS3IRzWStrSBbFQOrEoyFProVlW4ENuvOmU4JL-rPyzwHwo%26flowName%3DGeneralOAuthFlow%26as%3DS1512241047%253A1788383880999750%26client_id%3D659928376555-2940lug33ti1gjmhbeod11g156sag21v.apps.googleusercontent.com%26requestPath%3D%252Fsignin%252Foauth%252Fconsent%23&dsh=S1512241047%3A1788383880999750&flowName=GeneralOAuthFlow&o2v=2&opparams=%253F&prompt=select_account%20consent&pstMsg=1&redirect_uri=https%3A%2F%2Fbackboard.railway.com%2Flogin%2Fgoogle%2Fcallback&response_type=code&scope=https%3A%2F%2Fwww.googleapis.com%2Fauth%2Fuserinfo.email%20https%3A%2F%2Fwww.googleapis.com%2Fauth%2Fuserinfo.profile&service=lso&state=bmV4dD0lMkZkYXNoYm9hcmQmcG9zdGhvZ1Nlc3Npb25JZD0wMWEwNjNmYy00ZDllLTc2OTAtOThmMi1kNTEyMTVhYzNjYTcmYXR0cmlidXRpb249JTdCJTIycmVmZXJyaW5nRG9tYWluJTIyJTNBJTIyJTI0ZGlyZWN0JTIyJTJDJTIybGFuZGluZ1BhdGglMjIlM0ElMjIlMkZwcm9qZWN0JTJGNDA0OWNjMTEtM2U5ZC00NWI0LTkxMjktOThiMTQ3NWJhYjQ2JTIyJTdEJnJlZmVyZXI9aHR0cHMlM0ElMkYlMkZyYWlsd2F5LmNvbSUyRiZyZWRpcmVjdFVybD1odHRwcyUzQSUyRiUyRmJhY2tib2FyZC5yYWlsd2F5LmNvbSUyRmxvZ2luJTJGZ29vZ2xlJTJGY2FsbGJhY2smbm9uY2U9MjYyN2IwNzMtZWZkMS00NGFhLTk0YjctMGU3MzYzNWQ4MDE1:0
[   24913ms] [WARNING] The powerPreference option is currently ignored when calling requestAdapter() on Windows. See https://crbug.com/369219127 @ :0
[   13701ms] [WARNING] The powerPreference option is currently ignored when calling requestAdapter() on Windows. See https://crbug.com/369219127 @ :0
[   13708ms] [WARNING] The powerPreference option is currently ignored when calling requestAdapter() on Windows. See https://crbug.com/369219127 @ :0
[   13865ms] [VERBOSE] [DOM] Password field is not contained in a form: (More info: https://goo.gl/9p2vKq) %o @ https://accounts.google.com/v3/signin/identifier?access_type=offline&app_domain=https%3A%2F%2Fbackboard.railway.com&client_id=659928376555-2940lug33ti1gjmhbeod11g156sag21v.apps.googleusercontent.com&code_challenge=afUoF9HMvsP0HiVAQNpLxnRqWWL7Oov2BYnuV_zfZ9Q&code_challenge_method=S256&continue=https%3A%2F%2Faccounts.google.com%2Fsignin%2Foauth%2Fconsent%3Fauthuser%3Dunknown%26part%3DAJi8hAMJ5Lofl_uTGXTLNGrG59NzpkJSAtH9F_CD2Mlb_JFVjkCCuAnClP9E4PyD2oNiQrAeFkt1r8So35CRjGLnE1srmMeRrM0C1dzrIRpfvkchFPzOrc0IQdt-RsrMK0HeoQpYoB6AQL7ShRAuLqtsaSqtGPvd87Av133EpXBCf0X60le5dMpJVSyNPH_RbUZQfvuF5b9aVP8Zd5ny7wXuwEBc_xXqmxHt3V-5Kr6KST27L70tMM0mb9um6hdQPjuZLJBwk4AUsnKs5Ici1lXKhKOA6JrLcBZXUBZupQzdzanO0lIgNv-Fg-cffBi-aXAqRGR5S7374LjHwEM1oMGRnBvJyZpiGL5XJhwpyQ2uLvkhQQlzTRwvLrwhAME7YX5LibmK6EalkRf695v8bluxN0BuoPwKx03BHdCc7t22ybLj8rZ-QLJgRWtZKQgm_TsHnHLWkS3IRzWStrSBbFQOrEoyFProVlW4ENuvOmU4JL-rPyzwHwo%26flowName%3DGeneralOAuthFlow%26as%3DS1512241047%253A1788383880999750%26client_id%3D659928376555-2940lug33ti1gjmhbeod11g156sag21v.apps.googleusercontent.com%26requestPath%3D%252Fsignin%252Foauth%252Fconsent%23&dsh=S1512241047%3A1788383880999750&flowName=GeneralOAuthFlow&o2v=2&opparams=%253F&prompt=select_account%20consent&redirect_uri=https%3A%2F%2Fbackboard.railway.com%2Flogin%2Fgoogle%2Fcallback&response_type=code&scope=https%3A%2F%2Fwww.googleapis.com%2Fauth%2Fuserinfo.email%20https%3A%2F%2Fwww.googleapis.com%2Fauth%2Fuserinfo.profile&service=lso&state=bmV4dD0lMkZkYXNoYm9hcmQmcG9zdGhvZ1Nlc3Npb25JZD0wMWEwNjNmYy00ZDllLTc2OTAtOThmMi1kNTEyMTVhYzNjYTcmYXR0cmlidXRpb249JTdCJTIycmVmZXJyaW5nRG9tYWluJTIyJTNBJTIyJTI0ZGlyZWN0JTIyJTJDJTIybGFuZGluZ1BhdGglMjIlM0ElMjIlMkZwcm9qZWN0JTJGNDA0OWNjMTEtM2U5ZC00NWI0LTkxMjktOThiMTQ3NWJhYjQ2JTIyJTdEJnJlZmVyZXI9aHR0cHMlM0ElMkYlMkZyYWlsd2F5LmNvbSUyRiZyZWRpcmVjdFVybD1odHRwcyUzQSUyRiUyRmJhY2tib2FyZC5yYWlsd2F5LmNvbSUyRmxvZ2luJTJGZ29vZ2xlJTJGY2FsbGJhY2smbm9uY2U9MjYyN2IwNzMtZWZkMS00NGFhLTk0YjctMGU3MzYzNWQ4MDE1:0
[   14596ms] [WARNING] The powerPreference option is currently ignored when calling requestAdapter() on Windows. See https://crbug.com/369219127 @ :0
[   24493ms] [VERBOSE] [DOM] Password field is not contained in a form: (More info: https://goo.gl/9p2vKq) %o @ https://accounts.google.com/v3/signin/challenge/pwd?TL=ACv9tzF486OpI_jqsaCKsq9-IkqcWDwpXCxpuif4kO1qem5Nng5KddkWl-MAmEg4&access_type=offline&app_domain=https%3A%2F%2Fbackboard.railway.com&checkConnection=youtube%3A351&checkedDomains=youtube&cid=1&client_id=659928376555-2940lug33ti1gjmhbeod11g156sag21v.apps.googleusercontent.com&code_challenge=afUoF9HMvsP0HiVAQNpLxnRqWWL7Oov2BYnuV_zfZ9Q&code_challenge_method=S256&continue=https%3A%2F%2Faccounts.google.com%2Fsignin%2Foauth%2Fconsent%3Fauthuser%3Dunknown%26part%3DAJi8hAMJ5Lofl_uTGXTLNGrG59NzpkJSAtH9F_CD2Mlb_JFVjkCCuAnClP9E4PyD2oNiQrAeFkt1r8So35CRjGLnE1srmMeRrM0C1dzrIRpfvkchFPzOrc0IQdt-RsrMK0HeoQpYoB6AQL7ShRAuLqtsaSqtGPvd87Av133EpXBCf0X60le5dMpJVSyNPH_RbUZQfvuF5b9aVP8Zd5ny7wXuwEBc_xXqmxHt3V-5Kr6KST27L70tMM0mb9um6hdQPjuZLJBwk4AUsnKs5Ici1lXKhKOA6JrLcBZXUBZupQzdzanO0lIgNv-Fg-cffBi-aXAqRGR5S7374LjHwEM1oMGRnBvJyZpiGL5XJhwpyQ2uLvkhQQlzTRwvLrwhAME7YX5LibmK6EalkRf695v8bluxN0BuoPwKx03BHdCc7t22ybLj8rZ-QLJgRWtZKQgm_TsHnHLWkS3IRzWStrSBbFQOrEoyFProVlW4ENuvOmU4JL-rPyzwHwo%26flowName%3DGeneralOAuthFlow%26as%3DS1512241047%253A1788383880999750%26client_id%3D659928376555-2940lug33ti1gjmhbeod11g156sag21v.apps.googleusercontent.com%26requestPath%3D%252Fsignin%252Foauth%252Fconsent%23&dsh=S1512241047%3A1788383880999750&flowName=GeneralOAuthFlow&o2v=2&opparams=%253F&prompt=select_account%20consent&pstMsg=1&redirect_uri=https%3A%2F%2Fbackboard.railway.com%2Flogin%2Fgoogle%2Fcallback&response_type=code&scope=https%3A%2F%2Fwww.googleapis.com%2Fauth%2Fuserinfo.email%20https%3A%2F%2Fwww.googleapis.com%2Fauth%2Fuserinfo.profile&service=lso&state=bmV4dD0lMkZkYXNoYm9hcmQmcG9zdGhvZ1Nlc3Npb25JZD0wMWEwNjNmYy00ZDllLTc2OTAtOThmMi1kNTEyMTVhYzNjYTcmYXR0cmlidXRpb249JTdCJTIycmVmZXJyaW5nRG9tYWluJTIyJTNBJTIyJTI0ZGlyZWN0JTIyJTJDJTIybGFuZGluZ1BhdGglMjIlM0ElMjIlMkZwcm9qZWN0JTJGNDA0OWNjMTEtM2U5ZC00NWI0LTkxMjktOThiMTQ3NWJhYjQ2JTIyJTdEJnJlZmVyZXI9aHR0cHMlM0ElMkYlMkZyYWlsd2F5LmNvbSUyRiZyZWRpcmVjdFVybD1odHRwcyUzQSUyRiUyRmJhY2tib2FyZC5yYWlsd2F5LmNvbSUyRmxvZ2luJTJGZ29vZ2xlJTJGY2FsbGJhY2smbm9uY2U9MjYyN2IwNzMtZWZkMS00NGFhLTk0YjctMGU3MzYzNWQ4MDE1:0
[   24913ms] [WARNING] The powerPreference option is currently ignored when calling requestAdapter() on Windows. See https://crbug.com/369219127 @ :0
[   39562ms] [LOG] %c%s color: red; background: yellow; font-size: 24px; AVISO @ https://www.gstatic.com/_/mss/boq-identity/_/js/k=boq-identity.OAuthUi.pt_BR.gw1qXEYDF6U.es5.O/am=JAAAAAAABAD__28AwXbgfQ2gAAEAAAAAAAAAAAMAQAg/d=1/excm=_b,_tp,attributesview/ed=1/dg=0/wt=2/ujg=1/rs=AOaEmlH0m5Ph16o2y9znu11_d9KpDSu1rw/dti=1/m=_b,_tp:548
[   39562ms] [LOG] %c%s font-size: 18px; O uso deste console pode permitir que invasores falsifiquem sua identidade para roubar informações por meio de um ataque chamado Self-XSS.
Não insira nem cole códigos que você não conheça. @ https://www.gstatic.com/_/mss/boq-identity/_/js/k=boq-identity.OAuthUi.pt_BR.gw1qXEYDF6U.es5.O/am=JAAAAAAABAD__28AwXbgfQ2gAAEAAAAAAAAAAAMAQAg/d=1/excm=_b,_tp,attributesview/ed=1/dg=0/wt=2/ujg=1/rs=AOaEmlH0m5Ph16o2y9znu11_d9KpDSu1rw/dti=1/m=_b,_tp:548
[   62130ms] [INFO] 
    _____
 ___ |[]|_n__n_I_c
|___||__|###|____}
 O-O--O-O+++--O-O
****************************************
*                                      *
*           Enjoying Railway?          *
*                                      *
*         Want to ride with us?        *
*                                      *
*              Hop aboard,             *
*   the train is leaving the station!  *
*                                      *
*      https://railway.com/careers     *
*                                      *
****************************************
 @ https://railway.com/assets/main-D3CtyJhF.js:64
[   62130ms] [INFO] 
    _____
 ___ |[]|_n__n_I_c
|___||__|###|____}
 O-O--O-O+++--O-O
****************************************
*                                      *
*           Enjoying Railway?          *
*                                      *
*         Want to ride with us?        *
*                                      *
*              Hop aboard,             *
*   the train is leaving the station!  *
*                                      *
*      https://railway.com/careers     *
*                                      *
****************************************
 @ https://railway.com/assets/main-D3CtyJhF.js:102
[   65426ms] [ERROR] Failed to load resource: net::ERR_NAME_NOT_RESOLVED @ https://m.stripe.com/6:0
