[     746ms] [LOG] %c
▲

 _____ _              _                    _   _             __
|_   _| |__   ___    / \   __ _  ___ _ __ | |_(_) ___       / /
  | | | '_ \ / _ \  / _ \ / _` |/ _ \ '_ \| __| |/ __|     / /
  | | | | | |  __/ / ___ \ (_| |  __/ | | | |_| | (__     /_/
  |_| |_| |_|\___|/_/   \_\__, |\___|_| |_|\__|_|\___|    (_)
                           |___/
 ___        __               _                   _                 _
|_ _|_ __  / _|_ __ __ _ ___| |_ _ __ _   _  ___| |_ _   _ _ __ ___
 | || '_ \| |_| '__/ _` / __| __| '__| | | |/ __| __| | | | '__/ _ \
 | || | | |  _| | | (_| \__ \ |_| |  | |_| | (__| |_| |_| | | |  __/
|___|_| |_|_| |_|  \__,_|___/\__|_|   \__,_|\___|\__|\__,_|_|  \___|
  

Hello!

- Open Source https://vercel.com/oss
- Careers https://vercel.com/careers
- Status https://www.vercel-status.com

 font-family: "Geist Mono", monospace; white-space: pre; line-height: 1; @ https://vercel.com/_next/static/immutable/chunks/09bognj3n0dzk.js:78
[    9115ms] [WARNING] Deprecated API for given entry type. @ https://vercel.com/_next/static/immutable/chunks/3vuaw0m6zroe4.js:18
[    9410ms] [ERROR] Failed to load resource: the server responded with a status of 429 () @ https://o205439.ingest.sentry.io/api/1323670/envelope/?sentry_key=d00780d432ac4ccf882f60dd02062e14&sentry_version=7&sentry_client=sentry.javascript.browser%2F7.111.0:0
[   15644ms] [ERROR] Failed to load resource: net::ERR_NAME_NOT_RESOLVED @ https://m.stripe.com/6:0
[   21573ms] [WARNING] The resource https://vercel.com/_next/static/immutable/chunks/1zikulwq04u34.css was preloaded using link preload but not used within a few seconds from the window's load event. Please make sure it has an appropriate `as` value and it is preloaded intentionally. @ https://vercel.com/pesmetal/pesmetal-site/settings:0
[   21574ms] [WARNING] The resource https://vercel.com/_next/static/immutable/chunks/3c6hu0sd_das3.css was preloaded using link preload but not used within a few seconds from the window's load event. Please make sure it has an appropriate `as` value and it is preloaded intentionally. @ https://vercel.com/pesmetal/pesmetal-site/settings:0
[   21575ms] [WARNING] The resource https://vercel.com/_next/static/immutable/chunks/3t_-x9195y9o-.css was preloaded using link preload but not used within a few seconds from the window's load event. Please make sure it has an appropriate `as` value and it is preloaded intentionally. @ https://vercel.com/pesmetal/pesmetal-site/settings:0
[   21575ms] [WARNING] The resource https://vercel.com/_next/static/immutable/chunks/373505qw2m2ws.css was preloaded using link preload but not used within a few seconds from the window's load event. Please make sure it has an appropriate `as` value and it is preloaded intentionally. @ https://vercel.com/pesmetal/pesmetal-site/settings:0
[   21575ms] [WARNING] The resource https://vercel.com/_next/static/immutable/chunks/2jaw-bje_lms9.css was preloaded using link preload but not used within a few seconds from the window's load event. Please make sure it has an appropriate `as` value and it is preloaded intentionally. @ https://vercel.com/pesmetal/pesmetal-site/settings:0
[   21577ms] [WARNING] The resource https://vercel.com/_next/static/immutable/chunks/3_5c1xwltru6n.css was preloaded using link preload but not used within a few seconds from the window's load event. Please make sure it has an appropriate `as` value and it is preloaded intentionally. @ https://vercel.com/pesmetal/pesmetal-site/settings:0
[   21578ms] [WARNING] The resource https://vercel.com/_next/static/immutable/chunks/0ufugx6-98l3p.css was preloaded using link preload but not used within a few seconds from the window's load event. Please make sure it has an appropriate `as` value and it is preloaded intentionally. @ https://vercel.com/pesmetal/pesmetal-site/settings:0
[   21578ms] [WARNING] The resource https://vercel.com/_next/static/immutable/chunks/09laauv2h79wx.css was preloaded using link preload but not used within a few seconds from the window's load event. Please make sure it has an appropriate `as` value and it is preloaded intentionally. @ https://vercel.com/pesmetal/pesmetal-site/settings:0
[   21579ms] [WARNING] The resource https://vercel.com/_next/static/immutable/chunks/1z21djs4iuad9.css was preloaded using link preload but not used within a few seconds from the window's load event. Please make sure it has an appropriate `as` value and it is preloaded intentionally. @ https://vercel.com/pesmetal/pesmetal-site/settings:0
[   21580ms] [WARNING] The resource https://vercel.com/_next/static/immutable/chunks/0alwwayyf2lhy.css was preloaded using link preload but not used within a few seconds from the window's load event. Please make sure it has an appropriate `as` value and it is preloaded intentionally. @ https://vercel.com/pesmetal/pesmetal-site/settings:0
[   21581ms] [WARNING] The resource https://vercel.com/_next/static/immutable/chunks/2l9g-08sj20je.css was preloaded using link preload but not used within a few seconds from the window's load event. Please make sure it has an appropriate `as` value and it is preloaded intentionally. @ https://vercel.com/pesmetal/pesmetal-site/settings:0
[   21581ms] [WARNING] The resource https://vercel.com/_next/static/immutable/chunks/3l6n9tbuviet-.css was preloaded using link preload but not used within a few seconds from the window's load event. Please make sure it has an appropriate `as` value and it is preloaded intentionally. @ https://vercel.com/pesmetal/pesmetal-site/settings:0
[   21586ms] [WARNING] The resource https://vercel.com/_next/static/immutable/chunks/1x2uy0wpqp7ps.css was preloaded using link preload but not used within a few seconds from the window's load event. Please make sure it has an appropriate `as` value and it is preloaded intentionally. @ https://vercel.com/pesmetal/pesmetal-site/settings:0
[   21588ms] [WARNING] The resource https://vercel.com/_next/static/immutable/chunks/0kz5-i0nrwrgh.css was preloaded using link preload but not used within a few seconds from the window's load event. Please make sure it has an appropriate `as` value and it is preloaded intentionally. @ https://vercel.com/pesmetal/pesmetal-site/settings:0
[   21589ms] [WARNING] The resource https://vercel.com/_next/static/immutable/chunks/3flhcz7cw314y.css was preloaded using link preload but not used within a few seconds from the window's load event. Please make sure it has an appropriate `as` value and it is preloaded intentionally. @ https://vercel.com/pesmetal/pesmetal-site/settings:0
[   21589ms] [WARNING] The resource https://vercel.com/_next/static/immutable/chunks/0jv_0220ql0rg.css was preloaded using link preload but not used within a few seconds from the window's load event. Please make sure it has an appropriate `as` value and it is preloaded intentionally. @ https://vercel.com/pesmetal/pesmetal-site/settings:0
[   21589ms] [WARNING] The resource https://vercel.com/_next/static/immutable/chunks/1whytfkykm9_7.css was preloaded using link preload but not used within a few seconds from the window's load event. Please make sure it has an appropriate `as` value and it is preloaded intentionally. @ https://vercel.com/pesmetal/pesmetal-site/settings:0
[   21589ms] [WARNING] The resource https://vercel.com/_next/static/immutable/chunks/2auu4bhcsy3ul.css was preloaded using link preload but not used within a few seconds from the window's load event. Please make sure it has an appropriate `as` value and it is preloaded intentionally. @ https://vercel.com/pesmetal/pesmetal-site/settings:0
[   41876ms] [WARNING] The resource https://vercel.com/_next/static/immutable/chunks/1zikulwq04u34.css was preloaded using link preload but not used within a few seconds from the window's load event. Please make sure it has an appropriate `as` value and it is preloaded intentionally. @ https://vercel.com/pesmetal/pesmetal-site/settings:0
[   41878ms] [WARNING] The resource https://vercel.com/_next/static/immutable/chunks/3c6hu0sd_das3.css was preloaded using link preload but not used within a few seconds from the window's load event. Please make sure it has an appropriate `as` value and it is preloaded intentionally. @ https://vercel.com/pesmetal/pesmetal-site/settings:0
[   41879ms] [WARNING] The resource https://vercel.com/_next/static/immutable/chunks/3t_-x9195y9o-.css was preloaded using link preload but not used within a few seconds from the window's load event. Please make sure it has an appropriate `as` value and it is preloaded intentionally. @ https://vercel.com/pesmetal/pesmetal-site/settings:0
[   41879ms] [WARNING] The resource https://vercel.com/_next/static/immutable/chunks/373505qw2m2ws.css was preloaded using link preload but not used within a few seconds from the window's load event. Please make sure it has an appropriate `as` value and it is preloaded intentionally. @ https://vercel.com/pesmetal/pesmetal-site/settings:0
[   41879ms] [WARNING] The resource https://vercel.com/_next/static/immutable/chunks/2jaw-bje_lms9.css was preloaded using link preload but not used within a few seconds from the window's load event. Please make sure it has an appropriate `as` value and it is preloaded intentionally. @ https://vercel.com/pesmetal/pesmetal-site/settings:0
[   41879ms] [WARNING] The resource https://vercel.com/_next/static/immutable/chunks/3_5c1xwltru6n.css was preloaded using link preload but not used within a few seconds from the window's load event. Please make sure it has an appropriate `as` value and it is preloaded intentionally. @ https://vercel.com/pesmetal/pesmetal-site/settings:0
[   41879ms] [WARNING] The resource https://vercel.com/_next/static/immutable/chunks/0ufugx6-98l3p.css was preloaded using link preload but not used within a few seconds from the window's load event. Please make sure it has an appropriate `as` value and it is preloaded intentionally. @ https://vercel.com/pesmetal/pesmetal-site/settings:0
[   41879ms] [WARNING] The resource https://vercel.com/_next/static/immutable/chunks/09laauv2h79wx.css was preloaded using link preload but not used within a few seconds from the window's load event. Please make sure it has an appropriate `as` value and it is preloaded intentionally. @ https://vercel.com/pesmetal/pesmetal-site/settings:0
[   41879ms] [WARNING] The resource https://vercel.com/_next/static/immutable/chunks/1z21djs4iuad9.css was preloaded using link preload but not used within a few seconds from the window's load event. Please make sure it has an appropriate `as` value and it is preloaded intentionally. @ https://vercel.com/pesmetal/pesmetal-site/settings:0
[   41879ms] [WARNING] The resource https://vercel.com/_next/static/immutable/chunks/0alwwayyf2lhy.css was preloaded using link preload but not used within a few seconds from the window's load event. Please make sure it has an appropriate `as` value and it is preloaded intentionally. @ https://vercel.com/pesmetal/pesmetal-site/settings:0
[   41879ms] [WARNING] The resource https://vercel.com/_next/static/immutable/chunks/2l9g-08sj20je.css was preloaded using link preload but not used within a few seconds from the window's load event. Please make sure it has an appropriate `as` value and it is preloaded intentionally. @ https://vercel.com/pesmetal/pesmetal-site/settings:0
[   41879ms] [WARNING] The resource https://vercel.com/_next/static/immutable/chunks/3l6n9tbuviet-.css was preloaded using link preload but not used within a few seconds from the window's load event. Please make sure it has an appropriate `as` value and it is preloaded intentionally. @ https://vercel.com/pesmetal/pesmetal-site/settings:0
[   41879ms] [WARNING] The resource https://vercel.com/_next/static/immutable/chunks/1x2uy0wpqp7ps.css was preloaded using link preload but not used within a few seconds from the window's load event. Please make sure it has an appropriate `as` value and it is preloaded intentionally. @ https://vercel.com/pesmetal/pesmetal-site/settings:0
[   41879ms] [WARNING] The resource https://vercel.com/_next/static/immutable/chunks/0kz5-i0nrwrgh.css was preloaded using link preload but not used within a few seconds from the window's load event. Please make sure it has an appropriate `as` value and it is preloaded intentionally. @ https://vercel.com/pesmetal/pesmetal-site/settings:0
[   41879ms] [WARNING] The resource https://vercel.com/_next/static/immutable/chunks/3flhcz7cw314y.css was preloaded using link preload but not used within a few seconds from the window's load event. Please make sure it has an appropriate `as` value and it is preloaded intentionally. @ https://vercel.com/pesmetal/pesmetal-site/settings:0
[   41879ms] [WARNING] The resource https://vercel.com/_next/static/immutable/chunks/0jv_0220ql0rg.css was preloaded using link preload but not used within a few seconds from the window's load event. Please make sure it has an appropriate `as` value and it is preloaded intentionally. @ https://vercel.com/pesmetal/pesmetal-site/settings:0
[   41879ms] [WARNING] The resource https://vercel.com/_next/static/immutable/chunks/1whytfkykm9_7.css was preloaded using link preload but not used within a few seconds from the window's load event. Please make sure it has an appropriate `as` value and it is preloaded intentionally. @ https://vercel.com/pesmetal/pesmetal-site/settings:0
[   41879ms] [WARNING] The resource https://vercel.com/_next/static/immutable/chunks/2auu4bhcsy3ul.css was preloaded using link preload but not used within a few seconds from the window's load event. Please make sure it has an appropriate `as` value and it is preloaded intentionally. @ https://vercel.com/pesmetal/pesmetal-site/settings:0
