[     852ms] [LOG] %c
▲

    ____                               _ __
   / __ \________  ____ _____ ___     (_) /_
  / / / / ___/ _ \/ __ `/ __ `__ \   / / __/
 / /_/ / /  /  __/ /_/ / / / / / /  / / /__
/_____/_/   \___/\__,_/_/ /_/ /_/  /_/\__( )
   _____ __    _          _ __           |/
  / ___// /_  (_)___     (_) /_
  \__ \/ __ \/ / __ \   / / __/
 ___/ / / / / / /_/ /  / / /_
/____/_/ /_/_/ .___/  /_/\__/
            /_/
  

Hello!

- Open Source https://vercel.com/oss
- Careers https://vercel.com/careers
- Status https://www.vercel-status.com

 font-family: "Geist Mono", monospace; white-space: pre; line-height: 1; @ https://vercel.com/_next/static/immutable/chunks/09bognj3n0dzk.js:78
[    7432ms] [ERROR] Failed to load resource: the server responded with a status of 404 () @ https://vercel.com/api/v1/projects/pesmetal-site/production-deployment?teamId=pesmetal:0
[    8739ms] [ERROR] Failed to load resource: net::ERR_NAME_NOT_RESOLVED @ https://m.stripe.com/6:0
[   11363ms] [ERROR] Failed to load resource: the server responded with a status of 404 () @ https://vercel.com/api/v1/projects/pesmetal-site/production-deployment?teamId=pesmetal:0
[   12881ms] [WARNING] Deprecated API for given entry type. @ https://vercel.com/_next/static/immutable/chunks/3vuaw0m6zroe4.js:18
[   18787ms] [WARNING] The resource https://vercel.com/_next/static/immutable/chunks/1zikulwq04u34.css was preloaded using link preload but not used within a few seconds from the window's load event. Please make sure it has an appropriate `as` value and it is preloaded intentionally. @ https://vercel.com/pesmetal/pesmetal-site/settings/build-and-deployment:0
[   18789ms] [WARNING] The resource https://vercel.com/_next/static/immutable/chunks/3c6hu0sd_das3.css was preloaded using link preload but not used within a few seconds from the window's load event. Please make sure it has an appropriate `as` value and it is preloaded intentionally. @ https://vercel.com/pesmetal/pesmetal-site/settings/build-and-deployment:0
[   18789ms] [WARNING] The resource https://vercel.com/_next/static/immutable/chunks/3t_-x9195y9o-.css was preloaded using link preload but not used within a few seconds from the window's load event. Please make sure it has an appropriate `as` value and it is preloaded intentionally. @ https://vercel.com/pesmetal/pesmetal-site/settings/build-and-deployment:0
[   18791ms] [WARNING] The resource https://vercel.com/_next/static/immutable/chunks/373505qw2m2ws.css was preloaded using link preload but not used within a few seconds from the window's load event. Please make sure it has an appropriate `as` value and it is preloaded intentionally. @ https://vercel.com/pesmetal/pesmetal-site/settings/build-and-deployment:0
[   18793ms] [WARNING] The resource https://vercel.com/_next/static/immutable/chunks/2jaw-bje_lms9.css was preloaded using link preload but not used within a few seconds from the window's load event. Please make sure it has an appropriate `as` value and it is preloaded intentionally. @ https://vercel.com/pesmetal/pesmetal-site/settings/build-and-deployment:0
[   18793ms] [WARNING] The resource https://vercel.com/_next/static/immutable/chunks/3_5c1xwltru6n.css was preloaded using link preload but not used within a few seconds from the window's load event. Please make sure it has an appropriate `as` value and it is preloaded intentionally. @ https://vercel.com/pesmetal/pesmetal-site/settings/build-and-deployment:0
[   18793ms] [WARNING] The resource https://vercel.com/_next/static/immutable/chunks/0ufugx6-98l3p.css was preloaded using link preload but not used within a few seconds from the window's load event. Please make sure it has an appropriate `as` value and it is preloaded intentionally. @ https://vercel.com/pesmetal/pesmetal-site/settings/build-and-deployment:0
[   18793ms] [WARNING] The resource https://vercel.com/_next/static/immutable/chunks/09laauv2h79wx.css was preloaded using link preload but not used within a few seconds from the window's load event. Please make sure it has an appropriate `as` value and it is preloaded intentionally. @ https://vercel.com/pesmetal/pesmetal-site/settings/build-and-deployment:0
[   18794ms] [WARNING] The resource https://vercel.com/_next/static/immutable/chunks/1z21djs4iuad9.css was preloaded using link preload but not used within a few seconds from the window's load event. Please make sure it has an appropriate `as` value and it is preloaded intentionally. @ https://vercel.com/pesmetal/pesmetal-site/settings/build-and-deployment:0
[   18796ms] [WARNING] The resource https://vercel.com/_next/static/immutable/chunks/421_1xumpc87v.css was preloaded using link preload but not used within a few seconds from the window's load event. Please make sure it has an appropriate `as` value and it is preloaded intentionally. @ https://vercel.com/pesmetal/pesmetal-site/settings/build-and-deployment:0
[   18797ms] [WARNING] The resource https://vercel.com/_next/static/immutable/chunks/0alwwayyf2lhy.css was preloaded using link preload but not used within a few seconds from the window's load event. Please make sure it has an appropriate `as` value and it is preloaded intentionally. @ https://vercel.com/pesmetal/pesmetal-site/settings/build-and-deployment:0
[   18797ms] [WARNING] The resource https://vercel.com/_next/static/immutable/chunks/3l6n9tbuviet-.css was preloaded using link preload but not used within a few seconds from the window's load event. Please make sure it has an appropriate `as` value and it is preloaded intentionally. @ https://vercel.com/pesmetal/pesmetal-site/settings/build-and-deployment:0
[   18797ms] [WARNING] The resource https://vercel.com/_next/static/immutable/chunks/1x2uy0wpqp7ps.css was preloaded using link preload but not used within a few seconds from the window's load event. Please make sure it has an appropriate `as` value and it is preloaded intentionally. @ https://vercel.com/pesmetal/pesmetal-site/settings/build-and-deployment:0
[   18798ms] [WARNING] The resource https://vercel.com/_next/static/immutable/chunks/0kz5-i0nrwrgh.css was preloaded using link preload but not used within a few seconds from the window's load event. Please make sure it has an appropriate `as` value and it is preloaded intentionally. @ https://vercel.com/pesmetal/pesmetal-site/settings/build-and-deployment:0
[   18798ms] [WARNING] The resource https://vercel.com/_next/static/immutable/chunks/3flhcz7cw314y.css was preloaded using link preload but not used within a few seconds from the window's load event. Please make sure it has an appropriate `as` value and it is preloaded intentionally. @ https://vercel.com/pesmetal/pesmetal-site/settings/build-and-deployment:0
[   18799ms] [WARNING] The resource https://vercel.com/_next/static/immutable/chunks/1whytfkykm9_7.css was preloaded using link preload but not used within a few seconds from the window's load event. Please make sure it has an appropriate `as` value and it is preloaded intentionally. @ https://vercel.com/pesmetal/pesmetal-site/settings/build-and-deployment:0
[   18799ms] [WARNING] The resource https://vercel.com/_next/static/immutable/chunks/2auu4bhcsy3ul.css was preloaded using link preload but not used within a few seconds from the window's load event. Please make sure it has an appropriate `as` value and it is preloaded intentionally. @ https://vercel.com/pesmetal/pesmetal-site/settings/build-and-deployment:0
[   42127ms] [WARNING] The resource https://vercel.com/_next/static/immutable/chunks/1zikulwq04u34.css was preloaded using link preload but not used within a few seconds from the window's load event. Please make sure it has an appropriate `as` value and it is preloaded intentionally. @ https://vercel.com/pesmetal/pesmetal-site/settings/build-and-deployment:0
[   42127ms] [WARNING] The resource https://vercel.com/_next/static/immutable/chunks/3c6hu0sd_das3.css was preloaded using link preload but not used within a few seconds from the window's load event. Please make sure it has an appropriate `as` value and it is preloaded intentionally. @ https://vercel.com/pesmetal/pesmetal-site/settings/build-and-deployment:0
[   42128ms] [WARNING] The resource https://vercel.com/_next/static/immutable/chunks/3t_-x9195y9o-.css was preloaded using link preload but not used within a few seconds from the window's load event. Please make sure it has an appropriate `as` value and it is preloaded intentionally. @ https://vercel.com/pesmetal/pesmetal-site/settings/build-and-deployment:0
[   42129ms] [WARNING] The resource https://vercel.com/_next/static/immutable/chunks/373505qw2m2ws.css was preloaded using link preload but not used within a few seconds from the window's load event. Please make sure it has an appropriate `as` value and it is preloaded intentionally. @ https://vercel.com/pesmetal/pesmetal-site/settings/build-and-deployment:0
[   42130ms] [WARNING] The resource https://vercel.com/_next/static/immutable/chunks/2jaw-bje_lms9.css was preloaded using link preload but not used within a few seconds from the window's load event. Please make sure it has an appropriate `as` value and it is preloaded intentionally. @ https://vercel.com/pesmetal/pesmetal-site/settings/build-and-deployment:0
[   42132ms] [WARNING] The resource https://vercel.com/_next/static/immutable/chunks/3_5c1xwltru6n.css was preloaded using link preload but not used within a few seconds from the window's load event. Please make sure it has an appropriate `as` value and it is preloaded intentionally. @ https://vercel.com/pesmetal/pesmetal-site/settings/build-and-deployment:0
[   42134ms] [WARNING] The resource https://vercel.com/_next/static/immutable/chunks/0ufugx6-98l3p.css was preloaded using link preload but not used within a few seconds from the window's load event. Please make sure it has an appropriate `as` value and it is preloaded intentionally. @ https://vercel.com/pesmetal/pesmetal-site/settings/build-and-deployment:0
[   42134ms] [WARNING] The resource https://vercel.com/_next/static/immutable/chunks/09laauv2h79wx.css was preloaded using link preload but not used within a few seconds from the window's load event. Please make sure it has an appropriate `as` value and it is preloaded intentionally. @ https://vercel.com/pesmetal/pesmetal-site/settings/build-and-deployment:0
[   42135ms] [WARNING] The resource https://vercel.com/_next/static/immutable/chunks/1z21djs4iuad9.css was preloaded using link preload but not used within a few seconds from the window's load event. Please make sure it has an appropriate `as` value and it is preloaded intentionally. @ https://vercel.com/pesmetal/pesmetal-site/settings/build-and-deployment:0
[   42136ms] [WARNING] The resource https://vercel.com/_next/static/immutable/chunks/421_1xumpc87v.css was preloaded using link preload but not used within a few seconds from the window's load event. Please make sure it has an appropriate `as` value and it is preloaded intentionally. @ https://vercel.com/pesmetal/pesmetal-site/settings/build-and-deployment:0
[   42138ms] [WARNING] The resource https://vercel.com/_next/static/immutable/chunks/0alwwayyf2lhy.css was preloaded using link preload but not used within a few seconds from the window's load event. Please make sure it has an appropriate `as` value and it is preloaded intentionally. @ https://vercel.com/pesmetal/pesmetal-site/settings/build-and-deployment:0
[   42139ms] [WARNING] The resource https://vercel.com/_next/static/immutable/chunks/3l6n9tbuviet-.css was preloaded using link preload but not used within a few seconds from the window's load event. Please make sure it has an appropriate `as` value and it is preloaded intentionally. @ https://vercel.com/pesmetal/pesmetal-site/settings/build-and-deployment:0
[   42140ms] [WARNING] The resource https://vercel.com/_next/static/immutable/chunks/1x2uy0wpqp7ps.css was preloaded using link preload but not used within a few seconds from the window's load event. Please make sure it has an appropriate `as` value and it is preloaded intentionally. @ https://vercel.com/pesmetal/pesmetal-site/settings/build-and-deployment:0
[   42141ms] [WARNING] The resource https://vercel.com/_next/static/immutable/chunks/0kz5-i0nrwrgh.css was preloaded using link preload but not used within a few seconds from the window's load event. Please make sure it has an appropriate `as` value and it is preloaded intentionally. @ https://vercel.com/pesmetal/pesmetal-site/settings/build-and-deployment:0
[   42141ms] [WARNING] The resource https://vercel.com/_next/static/immutable/chunks/3flhcz7cw314y.css was preloaded using link preload but not used within a few seconds from the window's load event. Please make sure it has an appropriate `as` value and it is preloaded intentionally. @ https://vercel.com/pesmetal/pesmetal-site/settings/build-and-deployment:0
[   42149ms] [WARNING] The resource https://vercel.com/_next/static/immutable/chunks/1whytfkykm9_7.css was preloaded using link preload but not used within a few seconds from the window's load event. Please make sure it has an appropriate `as` value and it is preloaded intentionally. @ https://vercel.com/pesmetal/pesmetal-site/settings/build-and-deployment:0
[   42149ms] [WARNING] The resource https://vercel.com/_next/static/immutable/chunks/2auu4bhcsy3ul.css was preloaded using link preload but not used within a few seconds from the window's load event. Please make sure it has an appropriate `as` value and it is preloaded intentionally. @ https://vercel.com/pesmetal/pesmetal-site/settings/build-and-deployment:0
