[     531ms] [LOG] %c
▲

 _____ _              _                    _   _             __
|_   _| |__   ___    / \   __ _  ___ _ __ | |_(_) ___       / /
  | | | '_ \ / _ \  / _ \ / _` |/ _ \ '_ \| __| |/ __|     / /
  | | | | | |  __/ / ___ \ (_| |  __/ | | | |_| | (__     /_/
  |_| |_| |_|\___|/_/   \_\__, |\___|_| |_|\__|_|\___|    (_)
                           |___/
 ___        __               _                   _                 _
|_ _|_ __  / _|_ __ __ _ ___| |_ _ __ _   _  ___| |_ _   _ _ __ ___
 | || '_ \| |_| '__/ _` / __| __| '__| | | |/ __| __| | | | '__/ _ \
 | || | | |  _| | | (_| \__ \ |_| |  | |_| | (__| |_| |_| | | |  __/
|___|_| |_|_| |_|  \__,_|___/\__|_|   \__,_|\___|\__|\__,_|_|  \___|
  

Hello!

- Open Source https://vercel.com/oss
- Careers https://vercel.com/careers
- Status https://www.vercel-status.com

 font-family: "Geist Mono", monospace; white-space: pre; line-height: 1; @ https://vercel.com/_next/static/immutable/chunks/09bognj3n0dzk.js:78
[    9700ms] [WARNING] Deprecated API for given entry type. @ https://vercel.com/_next/static/immutable/chunks/3vuaw0m6zroe4.js:18
[   12488ms] [ERROR] Failed to load resource: net::ERR_NAME_NOT_RESOLVED @ https://m.stripe.com/6:0
[   18345ms] [WARNING] The resource https://vercel.com/_next/static/immutable/chunks/1zikulwq04u34.css was preloaded using link preload but not used within a few seconds from the window's load event. Please make sure it has an appropriate `as` value and it is preloaded intentionally. @ https://vercel.com/pesmetal/pesmetal-site/settings/git:0
[   18345ms] [WARNING] The resource https://vercel.com/_next/static/immutable/chunks/3t_-x9195y9o-.css was preloaded using link preload but not used within a few seconds from the window's load event. Please make sure it has an appropriate `as` value and it is preloaded intentionally. @ https://vercel.com/pesmetal/pesmetal-site/settings/git:0
[   18346ms] [WARNING] The resource https://vercel.com/_next/static/immutable/chunks/373505qw2m2ws.css was preloaded using link preload but not used within a few seconds from the window's load event. Please make sure it has an appropriate `as` value and it is preloaded intentionally. @ https://vercel.com/pesmetal/pesmetal-site/settings/git:0
[   18346ms] [WARNING] The resource https://vercel.com/_next/static/immutable/chunks/2jaw-bje_lms9.css was preloaded using link preload but not used within a few seconds from the window's load event. Please make sure it has an appropriate `as` value and it is preloaded intentionally. @ https://vercel.com/pesmetal/pesmetal-site/settings/git:0
[   18347ms] [WARNING] The resource https://vercel.com/_next/static/immutable/chunks/3_5c1xwltru6n.css was preloaded using link preload but not used within a few seconds from the window's load event. Please make sure it has an appropriate `as` value and it is preloaded intentionally. @ https://vercel.com/pesmetal/pesmetal-site/settings/git:0
[   18347ms] [WARNING] The resource https://vercel.com/_next/static/immutable/chunks/0ufugx6-98l3p.css was preloaded using link preload but not used within a few seconds from the window's load event. Please make sure it has an appropriate `as` value and it is preloaded intentionally. @ https://vercel.com/pesmetal/pesmetal-site/settings/git:0
[   18347ms] [WARNING] The resource https://vercel.com/_next/static/immutable/chunks/09laauv2h79wx.css was preloaded using link preload but not used within a few seconds from the window's load event. Please make sure it has an appropriate `as` value and it is preloaded intentionally. @ https://vercel.com/pesmetal/pesmetal-site/settings/git:0
[   18347ms] [WARNING] The resource https://vercel.com/_next/static/immutable/chunks/1z21djs4iuad9.css was preloaded using link preload but not used within a few seconds from the window's load event. Please make sure it has an appropriate `as` value and it is preloaded intentionally. @ https://vercel.com/pesmetal/pesmetal-site/settings/git:0
[   18347ms] [WARNING] The resource https://vercel.com/_next/static/immutable/chunks/0alwwayyf2lhy.css was preloaded using link preload but not used within a few seconds from the window's load event. Please make sure it has an appropriate `as` value and it is preloaded intentionally. @ https://vercel.com/pesmetal/pesmetal-site/settings/git:0
[   18347ms] [WARNING] The resource https://vercel.com/_next/static/immutable/chunks/3l6n9tbuviet-.css was preloaded using link preload but not used within a few seconds from the window's load event. Please make sure it has an appropriate `as` value and it is preloaded intentionally. @ https://vercel.com/pesmetal/pesmetal-site/settings/git:0
[   18348ms] [WARNING] The resource https://vercel.com/_next/static/immutable/chunks/1x2uy0wpqp7ps.css was preloaded using link preload but not used within a few seconds from the window's load event. Please make sure it has an appropriate `as` value and it is preloaded intentionally. @ https://vercel.com/pesmetal/pesmetal-site/settings/git:0
[   18348ms] [WARNING] The resource https://vercel.com/_next/static/immutable/chunks/0kz5-i0nrwrgh.css was preloaded using link preload but not used within a few seconds from the window's load event. Please make sure it has an appropriate `as` value and it is preloaded intentionally. @ https://vercel.com/pesmetal/pesmetal-site/settings/git:0
[   18348ms] [WARNING] The resource https://vercel.com/_next/static/immutable/chunks/3flhcz7cw314y.css was preloaded using link preload but not used within a few seconds from the window's load event. Please make sure it has an appropriate `as` value and it is preloaded intentionally. @ https://vercel.com/pesmetal/pesmetal-site/settings/git:0
[   18348ms] [WARNING] The resource https://vercel.com/_next/static/immutable/chunks/0jv_0220ql0rg.css was preloaded using link preload but not used within a few seconds from the window's load event. Please make sure it has an appropriate `as` value and it is preloaded intentionally. @ https://vercel.com/pesmetal/pesmetal-site/settings/git:0
[   18348ms] [WARNING] The resource https://vercel.com/_next/static/immutable/chunks/1whytfkykm9_7.css was preloaded using link preload but not used within a few seconds from the window's load event. Please make sure it has an appropriate `as` value and it is preloaded intentionally. @ https://vercel.com/pesmetal/pesmetal-site/settings/git:0
[   18349ms] [WARNING] The resource https://vercel.com/_next/static/immutable/chunks/2auu4bhcsy3ul.css was preloaded using link preload but not used within a few seconds from the window's load event. Please make sure it has an appropriate `as` value and it is preloaded intentionally. @ https://vercel.com/pesmetal/pesmetal-site/settings/git:0
[   33825ms] [WARNING] The resource https://vercel.com/_next/static/immutable/chunks/1zikulwq04u34.css was preloaded using link preload but not used within a few seconds from the window's load event. Please make sure it has an appropriate `as` value and it is preloaded intentionally. @ https://vercel.com/pesmetal/pesmetal-site/settings/git:0
[   33826ms] [WARNING] The resource https://vercel.com/_next/static/immutable/chunks/3t_-x9195y9o-.css was preloaded using link preload but not used within a few seconds from the window's load event. Please make sure it has an appropriate `as` value and it is preloaded intentionally. @ https://vercel.com/pesmetal/pesmetal-site/settings/git:0
[   33827ms] [WARNING] The resource https://vercel.com/_next/static/immutable/chunks/373505qw2m2ws.css was preloaded using link preload but not used within a few seconds from the window's load event. Please make sure it has an appropriate `as` value and it is preloaded intentionally. @ https://vercel.com/pesmetal/pesmetal-site/settings/git:0
[   33827ms] [WARNING] The resource https://vercel.com/_next/static/immutable/chunks/2jaw-bje_lms9.css was preloaded using link preload but not used within a few seconds from the window's load event. Please make sure it has an appropriate `as` value and it is preloaded intentionally. @ https://vercel.com/pesmetal/pesmetal-site/settings/git:0
[   33828ms] [WARNING] The resource https://vercel.com/_next/static/immutable/chunks/3_5c1xwltru6n.css was preloaded using link preload but not used within a few seconds from the window's load event. Please make sure it has an appropriate `as` value and it is preloaded intentionally. @ https://vercel.com/pesmetal/pesmetal-site/settings/git:0
[   33829ms] [WARNING] The resource https://vercel.com/_next/static/immutable/chunks/0ufugx6-98l3p.css was preloaded using link preload but not used within a few seconds from the window's load event. Please make sure it has an appropriate `as` value and it is preloaded intentionally. @ https://vercel.com/pesmetal/pesmetal-site/settings/git:0
[   33830ms] [WARNING] The resource https://vercel.com/_next/static/immutable/chunks/09laauv2h79wx.css was preloaded using link preload but not used within a few seconds from the window's load event. Please make sure it has an appropriate `as` value and it is preloaded intentionally. @ https://vercel.com/pesmetal/pesmetal-site/settings/git:0
[   33831ms] [WARNING] The resource https://vercel.com/_next/static/immutable/chunks/1z21djs4iuad9.css was preloaded using link preload but not used within a few seconds from the window's load event. Please make sure it has an appropriate `as` value and it is preloaded intentionally. @ https://vercel.com/pesmetal/pesmetal-site/settings/git:0
[   33832ms] [WARNING] The resource https://vercel.com/_next/static/immutable/chunks/0alwwayyf2lhy.css was preloaded using link preload but not used within a few seconds from the window's load event. Please make sure it has an appropriate `as` value and it is preloaded intentionally. @ https://vercel.com/pesmetal/pesmetal-site/settings/git:0
[   33832ms] [WARNING] The resource https://vercel.com/_next/static/immutable/chunks/3l6n9tbuviet-.css was preloaded using link preload but not used within a few seconds from the window's load event. Please make sure it has an appropriate `as` value and it is preloaded intentionally. @ https://vercel.com/pesmetal/pesmetal-site/settings/git:0
[   33833ms] [WARNING] The resource https://vercel.com/_next/static/immutable/chunks/1x2uy0wpqp7ps.css was preloaded using link preload but not used within a few seconds from the window's load event. Please make sure it has an appropriate `as` value and it is preloaded intentionally. @ https://vercel.com/pesmetal/pesmetal-site/settings/git:0
[   33833ms] [WARNING] The resource https://vercel.com/_next/static/immutable/chunks/0kz5-i0nrwrgh.css was preloaded using link preload but not used within a few seconds from the window's load event. Please make sure it has an appropriate `as` value and it is preloaded intentionally. @ https://vercel.com/pesmetal/pesmetal-site/settings/git:0
[   33834ms] [WARNING] The resource https://vercel.com/_next/static/immutable/chunks/3flhcz7cw314y.css was preloaded using link preload but not used within a few seconds from the window's load event. Please make sure it has an appropriate `as` value and it is preloaded intentionally. @ https://vercel.com/pesmetal/pesmetal-site/settings/git:0
[   33834ms] [WARNING] The resource https://vercel.com/_next/static/immutable/chunks/0jv_0220ql0rg.css was preloaded using link preload but not used within a few seconds from the window's load event. Please make sure it has an appropriate `as` value and it is preloaded intentionally. @ https://vercel.com/pesmetal/pesmetal-site/settings/git:0
[   33834ms] [WARNING] The resource https://vercel.com/_next/static/immutable/chunks/1whytfkykm9_7.css was preloaded using link preload but not used within a few seconds from the window's load event. Please make sure it has an appropriate `as` value and it is preloaded intentionally. @ https://vercel.com/pesmetal/pesmetal-site/settings/git:0
[   33836ms] [WARNING] The resource https://vercel.com/_next/static/immutable/chunks/2auu4bhcsy3ul.css was preloaded using link preload but not used within a few seconds from the window's load event. Please make sure it has an appropriate `as` value and it is preloaded intentionally. @ https://vercel.com/pesmetal/pesmetal-site/settings/git:0
[  214155ms] [ERROR] Failed to load resource: the server responded with a status of 404 () @ https://vercel.com/api/v1/projects/pesmetal-site/production-deployment?teamId=pesmetal:0
[  214333ms] [ERROR] Failed to load resource: the server responded with a status of 404 () @ https://vercel.com/api/v1/projects/prj_lniEgYWizJTlXTKLBdTjHz11vGU8/production-deployment?teamId=pesmetal:0
[  222515ms] [WARNING] The resource https://vercel.com/_next/static/immutable/chunks/1zikulwq04u34.css was preloaded using link preload but not used within a few seconds from the window's load event. Please make sure it has an appropriate `as` value and it is preloaded intentionally. @ https://vercel.com/pesmetal/pesmetal-site/settings/build-and-deployment:0
[  222516ms] [WARNING] The resource https://vercel.com/_next/static/immutable/chunks/3t_-x9195y9o-.css was preloaded using link preload but not used within a few seconds from the window's load event. Please make sure it has an appropriate `as` value and it is preloaded intentionally. @ https://vercel.com/pesmetal/pesmetal-site/settings/build-and-deployment:0
[  222516ms] [WARNING] The resource https://vercel.com/_next/static/immutable/chunks/373505qw2m2ws.css was preloaded using link preload but not used within a few seconds from the window's load event. Please make sure it has an appropriate `as` value and it is preloaded intentionally. @ https://vercel.com/pesmetal/pesmetal-site/settings/build-and-deployment:0
[  222516ms] [WARNING] The resource https://vercel.com/_next/static/immutable/chunks/2jaw-bje_lms9.css was preloaded using link preload but not used within a few seconds from the window's load event. Please make sure it has an appropriate `as` value and it is preloaded intentionally. @ https://vercel.com/pesmetal/pesmetal-site/settings/build-and-deployment:0
[  222516ms] [WARNING] The resource https://vercel.com/_next/static/immutable/chunks/3_5c1xwltru6n.css was preloaded using link preload but not used within a few seconds from the window's load event. Please make sure it has an appropriate `as` value and it is preloaded intentionally. @ https://vercel.com/pesmetal/pesmetal-site/settings/build-and-deployment:0
[  222516ms] [WARNING] The resource https://vercel.com/_next/static/immutable/chunks/0ufugx6-98l3p.css was preloaded using link preload but not used within a few seconds from the window's load event. Please make sure it has an appropriate `as` value and it is preloaded intentionally. @ https://vercel.com/pesmetal/pesmetal-site/settings/build-and-deployment:0
[  222516ms] [WARNING] The resource https://vercel.com/_next/static/immutable/chunks/09laauv2h79wx.css was preloaded using link preload but not used within a few seconds from the window's load event. Please make sure it has an appropriate `as` value and it is preloaded intentionally. @ https://vercel.com/pesmetal/pesmetal-site/settings/build-and-deployment:0
[  222516ms] [WARNING] The resource https://vercel.com/_next/static/immutable/chunks/1z21djs4iuad9.css was preloaded using link preload but not used within a few seconds from the window's load event. Please make sure it has an appropriate `as` value and it is preloaded intentionally. @ https://vercel.com/pesmetal/pesmetal-site/settings/build-and-deployment:0
[  222516ms] [WARNING] The resource https://vercel.com/_next/static/immutable/chunks/421_1xumpc87v.css was preloaded using link preload but not used within a few seconds from the window's load event. Please make sure it has an appropriate `as` value and it is preloaded intentionally. @ https://vercel.com/pesmetal/pesmetal-site/settings/build-and-deployment:0
[  222516ms] [WARNING] The resource https://vercel.com/_next/static/immutable/chunks/0alwwayyf2lhy.css was preloaded using link preload but not used within a few seconds from the window's load event. Please make sure it has an appropriate `as` value and it is preloaded intentionally. @ https://vercel.com/pesmetal/pesmetal-site/settings/build-and-deployment:0
[  222516ms] [WARNING] The resource https://vercel.com/_next/static/immutable/chunks/3l6n9tbuviet-.css was preloaded using link preload but not used within a few seconds from the window's load event. Please make sure it has an appropriate `as` value and it is preloaded intentionally. @ https://vercel.com/pesmetal/pesmetal-site/settings/build-and-deployment:0
[  222516ms] [WARNING] The resource https://vercel.com/_next/static/immutable/chunks/1x2uy0wpqp7ps.css was preloaded using link preload but not used within a few seconds from the window's load event. Please make sure it has an appropriate `as` value and it is preloaded intentionally. @ https://vercel.com/pesmetal/pesmetal-site/settings/build-and-deployment:0
[  222516ms] [WARNING] The resource https://vercel.com/_next/static/immutable/chunks/0kz5-i0nrwrgh.css was preloaded using link preload but not used within a few seconds from the window's load event. Please make sure it has an appropriate `as` value and it is preloaded intentionally. @ https://vercel.com/pesmetal/pesmetal-site/settings/build-and-deployment:0
[  222516ms] [WARNING] The resource https://vercel.com/_next/static/immutable/chunks/3flhcz7cw314y.css was preloaded using link preload but not used within a few seconds from the window's load event. Please make sure it has an appropriate `as` value and it is preloaded intentionally. @ https://vercel.com/pesmetal/pesmetal-site/settings/build-and-deployment:0
[  222516ms] [WARNING] The resource https://vercel.com/_next/static/immutable/chunks/0jv_0220ql0rg.css was preloaded using link preload but not used within a few seconds from the window's load event. Please make sure it has an appropriate `as` value and it is preloaded intentionally. @ https://vercel.com/pesmetal/pesmetal-site/settings/build-and-deployment:0
[  222516ms] [WARNING] The resource https://vercel.com/_next/static/immutable/chunks/1whytfkykm9_7.css was preloaded using link preload but not used within a few seconds from the window's load event. Please make sure it has an appropriate `as` value and it is preloaded intentionally. @ https://vercel.com/pesmetal/pesmetal-site/settings/build-and-deployment:0
[  222516ms] [WARNING] The resource https://vercel.com/_next/static/immutable/chunks/2auu4bhcsy3ul.css was preloaded using link preload but not used within a few seconds from the window's load event. Please make sure it has an appropriate `as` value and it is preloaded intentionally. @ https://vercel.com/pesmetal/pesmetal-site/settings/build-and-deployment:0
[  226700ms] [WARNING] The resource https://vercel.com/_next/static/immutable/chunks/1zikulwq04u34.css was preloaded using link preload but not used within a few seconds from the window's load event. Please make sure it has an appropriate `as` value and it is preloaded intentionally. @ https://vercel.com/pesmetal/pesmetal-site/settings/build-and-deployment:0
[  226700ms] [WARNING] The resource https://vercel.com/_next/static/immutable/chunks/3t_-x9195y9o-.css was preloaded using link preload but not used within a few seconds from the window's load event. Please make sure it has an appropriate `as` value and it is preloaded intentionally. @ https://vercel.com/pesmetal/pesmetal-site/settings/build-and-deployment:0
[  226700ms] [WARNING] The resource https://vercel.com/_next/static/immutable/chunks/373505qw2m2ws.css was preloaded using link preload but not used within a few seconds from the window's load event. Please make sure it has an appropriate `as` value and it is preloaded intentionally. @ https://vercel.com/pesmetal/pesmetal-site/settings/build-and-deployment:0
[  226700ms] [WARNING] The resource https://vercel.com/_next/static/immutable/chunks/2jaw-bje_lms9.css was preloaded using link preload but not used within a few seconds from the window's load event. Please make sure it has an appropriate `as` value and it is preloaded intentionally. @ https://vercel.com/pesmetal/pesmetal-site/settings/build-and-deployment:0
[  226700ms] [WARNING] The resource https://vercel.com/_next/static/immutable/chunks/3_5c1xwltru6n.css was preloaded using link preload but not used within a few seconds from the window's load event. Please make sure it has an appropriate `as` value and it is preloaded intentionally. @ https://vercel.com/pesmetal/pesmetal-site/settings/build-and-deployment:0
[  226700ms] [WARNING] The resource https://vercel.com/_next/static/immutable/chunks/0ufugx6-98l3p.css was preloaded using link preload but not used within a few seconds from the window's load event. Please make sure it has an appropriate `as` value and it is preloaded intentionally. @ https://vercel.com/pesmetal/pesmetal-site/settings/build-and-deployment:0
[  226700ms] [WARNING] The resource https://vercel.com/_next/static/immutable/chunks/09laauv2h79wx.css was preloaded using link preload but not used within a few seconds from the window's load event. Please make sure it has an appropriate `as` value and it is preloaded intentionally. @ https://vercel.com/pesmetal/pesmetal-site/settings/build-and-deployment:0
[  226700ms] [WARNING] The resource https://vercel.com/_next/static/immutable/chunks/1z21djs4iuad9.css was preloaded using link preload but not used within a few seconds from the window's load event. Please make sure it has an appropriate `as` value and it is preloaded intentionally. @ https://vercel.com/pesmetal/pesmetal-site/settings/build-and-deployment:0
[  226700ms] [WARNING] The resource https://vercel.com/_next/static/immutable/chunks/421_1xumpc87v.css was preloaded using link preload but not used within a few seconds from the window's load event. Please make sure it has an appropriate `as` value and it is preloaded intentionally. @ https://vercel.com/pesmetal/pesmetal-site/settings/build-and-deployment:0
[  226700ms] [WARNING] The resource https://vercel.com/_next/static/immutable/chunks/0alwwayyf2lhy.css was preloaded using link preload but not used within a few seconds from the window's load event. Please make sure it has an appropriate `as` value and it is preloaded intentionally. @ https://vercel.com/pesmetal/pesmetal-site/settings/build-and-deployment:0
[  226700ms] [WARNING] The resource https://vercel.com/_next/static/immutable/chunks/3l6n9tbuviet-.css was preloaded using link preload but not used within a few seconds from the window's load event. Please make sure it has an appropriate `as` value and it is preloaded intentionally. @ https://vercel.com/pesmetal/pesmetal-site/settings/build-and-deployment:0
[  226700ms] [WARNING] The resource https://vercel.com/_next/static/immutable/chunks/1x2uy0wpqp7ps.css was preloaded using link preload but not used within a few seconds from the window's load event. Please make sure it has an appropriate `as` value and it is preloaded intentionally. @ https://vercel.com/pesmetal/pesmetal-site/settings/build-and-deployment:0
[  226700ms] [WARNING] The resource https://vercel.com/_next/static/immutable/chunks/0kz5-i0nrwrgh.css was preloaded using link preload but not used within a few seconds from the window's load event. Please make sure it has an appropriate `as` value and it is preloaded intentionally. @ https://vercel.com/pesmetal/pesmetal-site/settings/build-and-deployment:0
[  226700ms] [WARNING] The resource https://vercel.com/_next/static/immutable/chunks/3flhcz7cw314y.css was preloaded using link preload but not used within a few seconds from the window's load event. Please make sure it has an appropriate `as` value and it is preloaded intentionally. @ https://vercel.com/pesmetal/pesmetal-site/settings/build-and-deployment:0
[  226700ms] [WARNING] The resource https://vercel.com/_next/static/immutable/chunks/0jv_0220ql0rg.css was preloaded using link preload but not used within a few seconds from the window's load event. Please make sure it has an appropriate `as` value and it is preloaded intentionally. @ https://vercel.com/pesmetal/pesmetal-site/settings/build-and-deployment:0
[  226700ms] [WARNING] The resource https://vercel.com/_next/static/immutable/chunks/1whytfkykm9_7.css was preloaded using link preload but not used within a few seconds from the window's load event. Please make sure it has an appropriate `as` value and it is preloaded intentionally. @ https://vercel.com/pesmetal/pesmetal-site/settings/build-and-deployment:0
[  226700ms] [WARNING] The resource https://vercel.com/_next/static/immutable/chunks/2auu4bhcsy3ul.css was preloaded using link preload but not used within a few seconds from the window's load event. Please make sure it has an appropriate `as` value and it is preloaded intentionally. @ https://vercel.com/pesmetal/pesmetal-site/settings/build-and-deployment:0
